Archive member included to satisfy reference by file (symbol)

/usr/lib/gcc/arm-none-eabi/9.2.1/../../../arm-none-eabi/lib/thumb/v7-m/nofp/libg.a(lib_a-ctype_.o)
                              ./build/obj/chscanf.o (symbol from plugin) (_ctype_)
/usr/lib/gcc/arm-none-eabi/9.2.1/../../../arm-none-eabi/lib/thumb/v7-m/nofp/libg.a(lib_a-malloc.o)
                              /tmp/ch.elf.539pbP.ltrans0.ltrans.o (malloc)
/usr/lib/gcc/arm-none-eabi/9.2.1/../../../arm-none-eabi/lib/thumb/v7-m/nofp/libg.a(lib_a-mallocr.o)
                              /usr/lib/gcc/arm-none-eabi/9.2.1/../../../arm-none-eabi/lib/thumb/v7-m/nofp/libg.a(lib_a-malloc.o) (_malloc_r)
/usr/lib/gcc/arm-none-eabi/9.2.1/../../../arm-none-eabi/lib/thumb/v7-m/nofp/libg.a(lib_a-memcpy.o)
                              /tmp/ch.elf.539pbP.ltrans0.ltrans.o (memcpy)
/usr/lib/gcc/arm-none-eabi/9.2.1/../../../arm-none-eabi/lib/thumb/v7-m/nofp/libg.a(lib_a-memset.o)
                              /tmp/ch.elf.539pbP.ltrans0.ltrans.o (memset)
/usr/lib/gcc/arm-none-eabi/9.2.1/../../../arm-none-eabi/lib/thumb/v7-m/nofp/libg.a(lib_a-mlock.o)
                              /usr/lib/gcc/arm-none-eabi/9.2.1/../../../arm-none-eabi/lib/thumb/v7-m/nofp/libg.a(lib_a-mallocr.o) (__malloc_lock)
/usr/lib/gcc/arm-none-eabi/9.2.1/../../../arm-none-eabi/lib/thumb/v7-m/nofp/libg.a(lib_a-freer.o)
                              /usr/lib/gcc/arm-none-eabi/9.2.1/../../../arm-none-eabi/lib/thumb/v7-m/nofp/libg.a(lib_a-malloc.o) (_free_r)
/usr/lib/gcc/arm-none-eabi/9.2.1/../../../arm-none-eabi/lib/thumb/v7-m/nofp/libg.a(lib_a-impure.o)
                              /usr/lib/gcc/arm-none-eabi/9.2.1/../../../arm-none-eabi/lib/thumb/v7-m/nofp/libg.a(lib_a-malloc.o) (_impure_ptr)

Discarded input sections

 .data          0x0000000000000000        0x0 ./build/obj/crt0_v7m.o
 .bss           0x0000000000000000        0x0 ./build/obj/crt0_v7m.o
 .data          0x0000000000000000        0x0 ./build/obj/vectors.o
 .bss           0x0000000000000000        0x0 ./build/obj/vectors.o
 .data          0x0000000000000000        0x0 ./build/obj/chcoreasm.o
 .bss           0x0000000000000000        0x0 ./build/obj/chcoreasm.o
 .text          0x0000000000000000        0x0 /tmp/ch.elf.539pbP.ltrans0.ltrans.o
 .data          0x0000000000000000        0x0 /tmp/ch.elf.539pbP.ltrans0.ltrans.o
 .bss           0x0000000000000000        0x0 /tmp/ch.elf.539pbP.ltrans0.ltrans.o
 .text._getpid  0x0000000000000000        0x4 /tmp/ch.elf.539pbP.ltrans0.ltrans.o
 .text._kill    0x0000000000000000        0x8 /tmp/ch.elf.539pbP.ltrans0.ltrans.o
 .rodata._exit.str1.4
                0x0000000000000000        0x5 /tmp/ch.elf.539pbP.ltrans0.ltrans.o
 .text._exit    0x0000000000000000       0x20 /tmp/ch.elf.539pbP.ltrans0.ltrans.o
 .text._isatty_r
                0x0000000000000000        0x4 /tmp/ch.elf.539pbP.ltrans0.ltrans.o
 .text._fstat_r
                0x0000000000000000       0x1c /tmp/ch.elf.539pbP.ltrans0.ltrans.o
 .text._close_r
                0x0000000000000000        0x4 /tmp/ch.elf.539pbP.ltrans0.ltrans.o
 .text._write_r
                0x0000000000000000        0x4 /tmp/ch.elf.539pbP.ltrans0.ltrans.o
 .text._lseek_r
                0x0000000000000000        0x4 /tmp/ch.elf.539pbP.ltrans0.ltrans.o
 .text._read_r  0x0000000000000000        0xc /tmp/ch.elf.539pbP.ltrans0.ltrans.o
 .comment       0x0000000000000000       0x5a /tmp/ccdkTXBO.debug.temp.o
 .comment       0x0000000000000000       0x5a /tmp/ccJqlzPO.debug.temp.o
 .comment       0x0000000000000000       0x5a /tmp/ccStOufR.debug.temp.o
 .comment       0x0000000000000000       0x5a /tmp/ccPGXOqR.debug.temp.o
 .comment       0x0000000000000000       0x5a /tmp/ccdAv6vQ.debug.temp.o
 .comment       0x0000000000000000       0x5a /tmp/ccH1eIdN.debug.temp.o
 .debug_info    0x0000000000000000     0x1a77 /tmp/ccMOCA5O.debug.temp.o
 .debug_abbrev  0x0000000000000000      0x1a8 /tmp/ccMOCA5O.debug.temp.o
 .debug_line    0x0000000000000000      0x3fa /tmp/ccMOCA5O.debug.temp.o
 .debug_str     0x0000000000000000     0x1094 /tmp/ccMOCA5O.debug.temp.o
 .comment       0x0000000000000000       0x5a /tmp/ccMOCA5O.debug.temp.o
 .comment       0x0000000000000000       0x5a /tmp/cc2bPkzN.debug.temp.o
 .comment       0x0000000000000000       0x5a /tmp/cczrbOYO.debug.temp.o
 .comment       0x0000000000000000       0x5a /tmp/ccikfgAP.debug.temp.o
 .comment       0x0000000000000000       0x5a /tmp/ccKRVhlR.debug.temp.o
 .comment       0x0000000000000000       0x5a /tmp/ccA6w3CQ.debug.temp.o
 .comment       0x0000000000000000       0x5a /tmp/ccH09P3P.debug.temp.o
 .comment       0x0000000000000000       0x5a /tmp/cc2TVFTP.debug.temp.o
 .comment       0x0000000000000000       0x5a /tmp/cc58FANO.debug.temp.o
 .comment       0x0000000000000000       0x5a /tmp/ccMVML7Q.debug.temp.o
 .debug_info    0x0000000000000000     0x1a77 /tmp/cc7Uz9TQ.debug.temp.o
 .debug_abbrev  0x0000000000000000      0x1a8 /tmp/cc7Uz9TQ.debug.temp.o
[...]
Memory Configuration

Name             Origin             Length             Attributes
flash0           0x0000000008000000 0x0000000000020000 xr
flash1           0x0000000000000000 0x0000000000000000 xr
flash2           0x0000000000000000 0x0000000000000000 xr
flash3           0x0000000000000000 0x0000000000000000 xr
flash4           0x0000000000000000 0x0000000000000000 xr
flash5           0x0000000000000000 0x0000000000000000 xr
flash6           0x0000000000000000 0x0000000000000000 xr
flash7           0x0000000000000000 0x0000000000000000 xr
ram0             0x0000000020000000 0x0000000000005000 xw
ram1             0x0000000000000000 0x0000000000000000 xw
ram2             0x0000000000000000 0x0000000000000000 xw
ram3             0x0000000000000000 0x0000000000000000 xw
ram4             0x0000000000000000 0x0000000000000000 xw
ram5             0x0000000000000000 0x0000000000000000 xw
ram6             0x0000000000000000 0x0000000000000000 xw
ram7             0x0000000000000000 0x0000000000000000 xw
*default*        0x0000000000000000 0xffffffffffffffff

Linker script and memory map

LOAD ./build/obj/crt0_v7m.o
LOAD ./build/obj/vectors.o
LOAD ./build/obj/chcoreasm.o
LOAD ./build/obj/crt1.o
LOAD /tmp/ch.elf.539pbP.ltrans0.ltrans.o
LOAD /tmp/ccdkTXBO.debug.temp.o
LOAD /tmp/ccJqlzPO.debug.temp.o
LOAD /tmp/ccStOufR.debug.temp.o
LOAD /tmp/ccPGXOqR.debug.temp.o
LOAD /tmp/ccdAv6vQ.debug.temp.o
LOAD /tmp/ccH1eIdN.debug.temp.o
LOAD /tmp/ccMOCA5O.debug.temp.o
LOAD /tmp/cc2bPkzN.debug.temp.o
LOAD /tmp/cczrbOYO.debug.temp.o
LOAD /tmp/ccikfgAP.debug.temp.o
LOAD /tmp/ccKRVhlR.debug.temp.o
LOAD /tmp/ccA6w3CQ.debug.temp.o
LOAD /tmp/ccH09P3P.debug.temp.o
LOAD /tmp/cc2TVFTP.debug.temp.o
LOAD /tmp/cc58FANO.debug.temp.o
LOAD /tmp/ccMVML7Q.debug.temp.o
LOAD /tmp/cc7Uz9TQ.debug.temp.o
LOAD /tmp/cc9RRWHO.debug.temp.o
LOAD /tmp/ccGY76jO.debug.temp.o
LOAD /tmp/cc5TJqlR.debug.temp.o
LOAD /tmp/ccpUDsqN.debug.temp.o
LOAD /tmp/cck4mBfO.debug.temp.o
LOAD /tmp/ccErV03P.debug.temp.o
LOAD /tmp/cciL2p7P.debug.temp.o
LOAD /tmp/ccU2l35M.debug.temp.o
LOAD /tmp/cc4uwbXP.debug.temp.o
LOAD /tmp/ccC733hR.debug.temp.o
LOAD /tmp/ccBLjVXO.debug.temp.o
LOAD /tmp/ccyCrTGO.debug.temp.o
LOAD /tmp/ccNYrkHP.debug.temp.o
LOAD /tmp/ccTuWa0O.debug.temp.o
LOAD /tmp/ccxdniqP.debug.temp.o
LOAD /tmp/ccgQG72N.debug.temp.o
LOAD /tmp/ccpxbmEQ.debug.temp.o
LOAD /tmp/ccFEUbOP.debug.temp.o
LOAD /tmp/ccTnabOP.debug.temp.o
LOAD /tmp/ccCPOmsR.debug.temp.o
LOAD /tmp/ccwjM0bQ.debug.temp.o
LOAD /tmp/ccf7qAdR.debug.temp.o
LOAD /tmp/ccI7Bv4Q.debug.temp.o
LOAD /tmp/ccnvT5sQ.debug.temp.o
LOAD /tmp/ccQHVVaQ.debug.temp.o
LOAD /tmp/ccOG6qYP.debug.temp.o
LOAD /tmp/ccb9hjNN.debug.temp.o
LOAD /tmp/ccPV1yZP.debug.temp.o
LOAD /tmp/ccSqrGfO.debug.temp.o
LOAD /tmp/ccEgdiDQ.debug.temp.o
LOAD /tmp/ccttAXfR.debug.temp.o
LOAD /tmp/cclykV8N.debug.temp.o
LOAD /tmp/cc2tsJzN.debug.temp.o
LOAD /tmp/ccrKZvQP.debug.temp.o
LOAD /tmp/ccVhVeJO.debug.temp.o
LOAD /tmp/ccPUoevN.debug.temp.o
LOAD /tmp/ccN7tojR.debug.temp.o
LOAD /tmp/ccaoEipP.debug.temp.o
LOAD /tmp/ccactNpQ.debug.temp.o
LOAD /tmp/ccvypMYN.debug.temp.o
LOAD /tmp/cc86ojOP.debug.temp.o
LOAD /tmp/ccyXl5SN.debug.temp.o
LOAD /tmp/ccVGknuQ.debug.temp.o
LOAD /tmp/ccnNtSwO.debug.temp.o
LOAD /tmp/ccKKcGIP.debug.temp.o
LOAD /tmp/ccMVOaBQ.debug.temp.o
LOAD /tmp/cc9FW2aQ.debug.temp.o
LOAD /tmp/ccnN8vMQ.debug.temp.o
LOAD /tmp/ccm4W2nR.debug.temp.o
LOAD /tmp/ccfGkeLN.debug.temp.o
LOAD /tmp/cc7wi4zQ.debug.temp.o
LOAD /tmp/ccKl8qmQ.debug.temp.o
LOAD /tmp/cc4m4auN.debug.temp.o
LOAD /tmp/ccuF1LDO.debug.temp.o
LOAD /tmp/ccgPfHQP.debug.temp.o
LOAD /tmp/ccruEqzR.debug.temp.o
LOAD /tmp/ccwXKanP.debug.temp.o
LOAD /tmp/cc2ZOx4N.debug.temp.o
LOAD /tmp/ccukui9Q.debug.temp.o
LOAD /tmp/ccX2ZB4N.debug.temp.o
LOAD /tmp/ccemyHzP.debug.temp.o
LOAD /tmp/ccRKDSMO.debug.temp.o
LOAD /tmp/ccfVhHkR.debug.temp.o
LOAD /tmp/ccGRN1jN.debug.temp.o
LOAD /tmp/ccIuBxDQ.debug.temp.o
LOAD ./build/obj/hal.o
LOAD ./build/obj/hal_st.o
LOAD ./build/obj/hal_buffers.o
LOAD ./build/obj/hal_queues.o
LOAD ./build/obj/hal_flash.o
LOAD ./build/obj/hal_mmcsd.o
LOAD ./build/obj/hal_efl.o
LOAD ./build/obj/hal_pal.o
LOAD ./build/obj/hal_serial.o
LOAD ./build/obj/hal_serial_usb.o
LOAD ./build/obj/hal_usb.o
LOAD ./build/obj/nvic.o
LOAD ./build/obj/stm32_isr.o
LOAD ./build/obj/hal_lld.o
LOAD ./build/obj/hal_efl_lld.o
LOAD ./build/obj/stm32_dma.o
LOAD ./build/obj/hal_pal_lld.o
LOAD ./build/obj/hal_st_lld.o
LOAD ./build/obj/hal_serial_lld.o
LOAD ./build/obj/hal_usb_lld.o
LOAD ./build/obj/board.o
LOAD ./build/obj/osal.o
LOAD ./build/obj/chsys.o
LOAD ./build/obj/chrfcu.o
LOAD ./build/obj/chdebug.o
LOAD ./build/obj/chtrace.o
LOAD ./build/obj/chvt.o
LOAD ./build/obj/chschd.o
LOAD ./build/obj/chinstances.o
LOAD ./build/obj/chthreads.o
LOAD ./build/obj/chtm.o
LOAD ./build/obj/chregistry.o
LOAD ./build/obj/chsem.o
LOAD ./build/obj/chmtx.o
LOAD ./build/obj/chcond.o
LOAD ./build/obj/chevents.o
LOAD ./build/obj/chmsg.o
LOAD ./build/obj/chdynamic.o
LOAD ./build/obj/chmboxes.o
LOAD ./build/obj/chmemcore.o
LOAD ./build/obj/chmemheaps.o
LOAD ./build/obj/chmempools.o
LOAD ./build/obj/chpipes.o
LOAD ./build/obj/chobjcaches.o
LOAD ./build/obj/chdelegates.o
LOAD ./build/obj/chfactory.o
LOAD ./build/obj/chcore.o
LOAD ./build/obj/chprintf.o
LOAD ./build/obj/chscanf.o
LOAD ./build/obj/memstreams.o
LOAD ./build/obj/nullstreams.o
LOAD ./build/obj/bufstreams.o
LOAD ./build/obj/shell.o
LOAD ./build/obj/shell_cmd.o
LOAD ./build/obj/ch_test.o
LOAD ./build/obj/rt_test_root.o
LOAD ./build/obj/rt_test_sequence_001.o
LOAD ./build/obj/rt_test_sequence_002.o
LOAD ./build/obj/rt_test_sequence_003.o
LOAD ./build/obj/rt_test_sequence_004.o
LOAD ./build/obj/rt_test_sequence_005.o
LOAD ./build/obj/rt_test_sequence_006.o
LOAD ./build/obj/rt_test_sequence_007.o
LOAD ./build/obj/rt_test_sequence_008.o
LOAD ./build/obj/rt_test_sequence_009.o
LOAD ./build/obj/rt_test_sequence_010.o
LOAD ./build/obj/rt_test_sequence_011.o
LOAD ./build/obj/rt_test_sequence_012.o
LOAD ./build/obj/oslib_test_root.o
LOAD ./build/obj/oslib_test_sequence_001.o
LOAD ./build/obj/oslib_test_sequence_002.o
LOAD ./build/obj/oslib_test_sequence_003.o
LOAD ./build/obj/oslib_test_sequence_004.o
LOAD ./build/obj/oslib_test_sequence_005.o
LOAD ./build/obj/oslib_test_sequence_006.o
LOAD ./build/obj/oslib_test_sequence_007.o
LOAD ./build/obj/oslib_test_sequence_008.o
LOAD ./build/obj/oslib_test_sequence_009.o
LOAD ./build/obj/usbcfg.o
LOAD ./build/obj/syscalls.o
LOAD ./build/obj/main.o

.mstack         0x0000000020000000      0x400
                0x0000000020000000                . = ALIGN (0x8)
                0x0000000020000000                __main_stack_base__ = .
                0x0000000020000400                . = (. + __main_stack_size__)
 *fill*         0x0000000020000000      0x400 
                0x0000000020000400                . = ALIGN (0x8)
                0x0000000020000400                __main_stack_end__ = .

.pstack         0x0000000020000400      0x400
                0x0000000020000400                . = ALIGN (0x8)
                0x0000000020000400                __process_stack_base__ = .
                0x0000000020000400                __main_thread_stack_base__ = .
                0x0000000020000800                . = (. + __process_stack_size__)
 *fill*         0x0000000020000400      0x400 
                0x0000000020000800                . = ALIGN (0x8)
                0x0000000020000800                __process_stack_end__ = .
                0x0000000020000800                __main_thread_stack_end__ = .

.vectors        0x0000000008000000      0x160
 *(.vectors)
 .vectors       0x0000000008000000      0x160 ./build/obj/vectors.o
                0x0000000008000000                _vectors

.xtors          0x0000000008000160        0x0
                0x0000000008000160                __init_array_base__ = .
 *(SORT_BY_NAME(.init_array.*))
 *(.init_array)
                0x0000000008000160                __init_array_end__ = .
                0x0000000008000160                __fini_array_base__ = .
 *(.fini_array)
 *(SORT_BY_NAME(.fini_array.*))
                0x0000000008000160                __fini_array_end__ = .

.text           0x0000000008000160     0x3494
                0x0000000008000160                __text_base__ = .
 *(.text)
 .text          0x0000000008000160       0xd8 ./build/obj/crt0_v7m.o
                0x0000000008000160                _crt0_entry
 .text          0x0000000008000238        0x8 ./build/obj/vectors.o
                0x0000000008000238                Reset_Handler
                0x000000000800023a                Vector58
                0x000000000800023a                VectorE8
                0x000000000800023a                Vector9C
                0x000000000800023a                VectorAC
                0x000000000800023a                DebugMon_Handler
                0x000000000800023a                Vector5C
                0x000000000800023a                Vector11C
                0x000000000800023a                HardFault_Handler
                0x000000000800023a                Vector8C
                0x000000000800023a                SysTick_Handler
                0x000000000800023a                VectorDC
                0x000000000800023a                PendSV_Handler
                0x000000000800023a                NMI_Handler
                0x000000000800023a                Vector110
                0x000000000800023a                Vector120
                0x000000000800023a                VectorC8
                0x000000000800023a                Vector94
                0x000000000800023a                VectorA8
                0x000000000800023a                VectorB4
                0x000000000800023a                Vector74
                0x000000000800023a                UsageFault_Handler
                0x000000000800023a                VectorEC
                0x000000000800023a                Vector40
                0x000000000800023a                VectorF8
                0x000000000800023a                Vector108
                0x000000000800023a                VectorBC
                0x000000000800023a                Vector150
                0x000000000800023a                Vector124
                0x000000000800023a                Vector148
                0x000000000800023a                Vector118
                0x000000000800023a                Vector64
                0x000000000800023a                VectorCC
                0x000000000800023a                Vector54
                0x000000000800023a                Vector98
                0x000000000800023a                VectorD8
                0x000000000800023a                Vector138
                0x000000000800023a                Vector24
                0x000000000800023a                Vector84
                0x000000000800023a                SecureFault_Handler
                0x000000000800023a                VectorD0
                0x000000000800023a                Vector140
                0x000000000800023a                VectorE4
                0x000000000800023a                VectorC0
                0x000000000800023a                Vector158
                0x000000000800023a                Vector130
                0x000000000800023a                Vector134
                0x000000000800023a                VectorF0
                0x000000000800023a                Vector12C
                0x000000000800023a                Vector13C
                0x000000000800023a                Vector100
                0x000000000800023a                VectorE0
                0x000000000800023a                VectorF4
                0x000000000800023a                MemManage_Handler
                0x000000000800023a                Vector6C
                0x000000000800023a                VectorA0
                0x000000000800023a                VectorC4
                0x000000000800023a                Vector7C
                0x000000000800023a                Vector114
                0x000000000800023a                Vector60
                0x000000000800023a                Vector48
                0x000000000800023a                Vector70
                0x000000000800023a                Vector4C
                0x000000000800023a                Vector144
                0x000000000800023a                Vector80
                0x000000000800023a                Vector15C
                0x000000000800023a                Vector68
                0x000000000800023a                Vector78
                0x000000000800023a                Vector88
                0x000000000800023a                Vector104
                0x000000000800023a                Vector10C
                0x000000000800023a                Vector14C
                0x000000000800023a                BusFault_Handler
                0x000000000800023a                Vector50
                0x000000000800023a                Vector154
                0x000000000800023a                Vector44
                0x000000000800023a                Vector28
                0x000000000800023a                VectorB8
                0x000000000800023a                VectorFC
                0x000000000800023a                Vector34
                0x000000000800023a                Vector128
                0x000000000800023a                VectorA4
                0x000000000800023a                Vector20
                0x000000000800023e                _unhandled_exception
 .text          0x0000000008000240       0x2a ./build/obj/chcoreasm.o
                0x0000000008000240                __port_switch
                0x0000000008000250                __port_thread_start
                0x0000000008000262                __port_switch_from_isr
                0x0000000008000266                __port_exit_from_isr
 *fill*         0x000000000800026a        0x2 
 .text          0x000000000800026c       0x20 /usr/lib/gcc/arm-none-eabi/9.2.1/../../../arm-none-eabi/lib/thumb/v7-m/nofp/libg.a(lib_a-malloc.o)
                0x000000000800026c                malloc
                0x000000000800027c                free
 .text          0x000000000800028c      0x548 /usr/lib/gcc/arm-none-eabi/9.2.1/../../../arm-none-eabi/lib/thumb/v7-m/nofp/libg.a(lib_a-mallocr.o)
                0x000000000800028c                _malloc_r
 .text          0x00000000080007d4       0xec /usr/lib/gcc/arm-none-eabi/9.2.1/../../../arm-none-eabi/lib/thumb/v7-m/nofp/libg.a(lib_a-memcpy.o)
                0x00000000080007d4                memcpy
 .text          0x00000000080008c0        0x8 /usr/lib/gcc/arm-none-eabi/9.2.1/../../../arm-none-eabi/lib/thumb/v7-m/nofp/libg.a(lib_a-mlock.o)
                0x00000000080008c0                __malloc_lock
                0x00000000080008c4                __malloc_unlock
 .text          0x00000000080008c8      0x294 /usr/lib/gcc/arm-none-eabi/9.2.1/../../../arm-none-eabi/lib/thumb/v7-m/nofp/libg.a(lib_a-freer.o)
                0x00000000080008c8                _malloc_trim_r
                0x0000000008000968                _free_r
 *(.text.*)
 *fill*         0x0000000008000b5c        0x4 
 .text.efl_lld_start.constprop.0
                0x0000000008000b60       0x30 /tmp/ch.elf.539pbP.ltrans0.ltrans.o
 .text.__idle_thread
                0x0000000008000b90        0x4 /tmp/ch.elf.539pbP.ltrans0.ltrans.o
 *fill*         0x0000000008000b94        0xc 
 .text.chCoreAllocFromTop
                0x0000000008000ba0       0x3c /tmp/ch.elf.539pbP.ltrans0.ltrans.o
 *fill*         0x0000000008000bdc        0x4 
 .text.notify1  0x0000000008000be0       0x10 /tmp/ch.elf.539pbP.ltrans0.ltrans.o
 .text.get_descriptor
                0x0000000008000bf0       0x34 /tmp/ch.elf.539pbP.ltrans0.ltrans.o
 *fill*         0x0000000008000c24        0xc 
 .text.__port_irq_epilogue
                0x0000000008000c30       0x4c /tmp/ch.elf.539pbP.ltrans0.ltrans.o
 *fill*         0x0000000008000c7c        0x4 
 .text.chCoreAllocAlignedI
                0x0000000008000c80       0x28 /tmp/ch.elf.539pbP.ltrans0.ltrans.o
 *fill*         0x0000000008000ca8        0x8 
 .text.chTMStopMeasurementX
                0x0000000008000cb0       0x44 /tmp/ch.elf.539pbP.ltrans0.ltrans.o
 *fill*         0x0000000008000cf4        0xc 
 .text.chTMStartMeasurementX
                0x0000000008000d00        0xc /tmp/ch.elf.539pbP.ltrans0.ltrans.o
 *fill*         0x0000000008000d0c        0x4 
 .text.usb_lld_start_in
                0x0000000008000d10       0x7c /tmp/ch.elf.539pbP.ltrans0.ltrans.o
 *fill*         0x0000000008000d8c        0x4 
 .text.usb_lld_start_out
                0x0000000008000d90       0x48 /tmp/ch.elf.539pbP.ltrans0.ltrans.o
 *fill*         0x0000000008000dd8        0x8 
 .text.usb_lld_init_endpoint
                0x0000000008000de0       0xe8 /tmp/ch.elf.539pbP.ltrans0.ltrans.o
 *fill*         0x0000000008000ec8        0x8 
 .text.usb_lld_reset
                0x0000000008000ed0       0x38 /tmp/ch.elf.539pbP.ltrans0.ltrans.o
 *fill*         0x0000000008000f08        0x8 
 .text.efl_lld_query_erase
                0x0000000008000f10       0x34 /tmp/ch.elf.539pbP.ltrans0.ltrans.o
 *fill*         0x0000000008000f44        0xc 
 .text.efl_lld_start_erase_all
                0x0000000008000f50        0x4 /tmp/ch.elf.539pbP.ltrans0.ltrans.o
 *fill*         0x0000000008000f54        0xc 
 .text.efl_lld_program
                0x0000000008000f60       0xa8 /tmp/ch.elf.539pbP.ltrans0.ltrans.o
 *fill*         0x0000000008001008        0x8 
 .text.efl_lld_get_descriptor
                0x0000000008001010        0x8 /tmp/ch.elf.539pbP.ltrans0.ltrans.o
 *fill*         0x0000000008001018        0x8 
 .text._usb_ep0out
                0x0000000008001020       0xac /tmp/ch.elf.539pbP.ltrans0.ltrans.o
 *fill*         0x00000000080010cc        0x4 
 .text._usb_ep0in
                0x00000000080010d0       0xf0 /tmp/ch.elf.539pbP.ltrans0.ltrans.o
 .text._usb_ep0setup
                0x00000000080011c0      0x448 /tmp/ch.elf.539pbP.ltrans0.ltrans.o
 *fill*         0x0000000008001608        0x8 
 .text.usbStartTransmitI
                0x0000000008001610       0x2c /tmp/ch.elf.539pbP.ltrans0.ltrans.o
 *fill*         0x000000000800163c        0x4 
 .text.set_address
                0x0000000008001640       0x28 /tmp/ch.elf.539pbP.ltrans0.ltrans.o
 *fill*         0x0000000008001668        0x8 
 .text.sduInterruptTransmitted
                0x0000000008001670        0x4 /tmp/ch.elf.539pbP.ltrans0.ltrans.o
 *fill*         0x0000000008001674        0xc 
 .text.sduRequestsHook
                0x0000000008001680       0x44 /tmp/ch.elf.539pbP.ltrans0.ltrans.o
 *fill*         0x00000000080016c4        0xc 
 .text._ctl.lto_priv.0
                0x00000000080016d0        0x4 /tmp/ch.elf.539pbP.ltrans0.ltrans.o
 *fill*         0x00000000080016d4        0xc 
 .text._ctl     0x00000000080016e0        0x4 /tmp/ch.elf.539pbP.ltrans0.ltrans.o
 *fill*         0x00000000080016e4        0xc 
 .text.sdu_start_receive
                0x00000000080016f0       0x5c /tmp/ch.elf.539pbP.ltrans0.ltrans.o
 *fill*         0x000000000800174c        0x4 
 .text.ibnotify
                0x0000000008001750        0x8 /tmp/ch.elf.539pbP.ltrans0.ltrans.o
 *fill*         0x0000000008001758        0x8 
 .text.flashGetSectorOffset
                0x0000000008001760       0x1c /tmp/ch.elf.539pbP.ltrans0.ltrans.o
 *fill*         0x000000000800177c        0x4 
 .text.efl_lld_verify_erase
                0x0000000008001780       0x3c /tmp/ch.elf.539pbP.ltrans0.ltrans.o
 *fill*         0x00000000080017bc        0x4 
 .text.efl_lld_start_erase_sector
                0x00000000080017c0       0x38 /tmp/ch.elf.539pbP.ltrans0.ltrans.o
 *fill*         0x00000000080017f8        0x8 
 .text.obqGetFullBufferI
                0x0000000008001800       0x1c /tmp/ch.elf.539pbP.ltrans0.ltrans.o
 *fill*         0x000000000800181c        0x4 
 .text.obnotify
                0x0000000008001820       0x48 /tmp/ch.elf.539pbP.ltrans0.ltrans.o
 *fill*         0x0000000008001868        0x8 
 .text.sof_handler
                0x0000000008001870       0x90 /tmp/ch.elf.539pbP.ltrans0.ltrans.o
 .text.__sch_wakeup
                0x0000000008001900       0x68 /tmp/ch.elf.539pbP.ltrans0.ltrans.o
 *fill*         0x0000000008001968        0x8 
 .text.chSchReadyI
                0x0000000008001970       0x20 /tmp/ch.elf.539pbP.ltrans0.ltrans.o
 .text.chThdDequeueAllI.constprop.0
                0x0000000008001990       0x24 /tmp/ch.elf.539pbP.ltrans0.ltrans.o
 *fill*         0x00000000080019b4        0xc 
 .text.chThdDequeueNextI.constprop.0
                0x00000000080019c0       0x18 /tmp/ch.elf.539pbP.ltrans0.ltrans.o
 *fill*         0x00000000080019d8        0x8 
 .text.chEvtBroadcastFlagsI
                0x00000000080019e0       0x58 /tmp/ch.elf.539pbP.ltrans0.ltrans.o
 *fill*         0x0000000008001a38        0x8 
 .text.sduDataReceived
                0x0000000008001a40       0x64 /tmp/ch.elf.539pbP.ltrans0.ltrans.o
 *fill*         0x0000000008001aa4        0xc 
 .text.sduDataTransmitted
                0x0000000008001ab0       0xa8 /tmp/ch.elf.539pbP.ltrans0.ltrans.o
 *fill*         0x0000000008001b58        0x8 
 .text.chSchGoSleepS
                0x0000000008001b60       0x28 /tmp/ch.elf.539pbP.ltrans0.ltrans.o
 *fill*         0x0000000008001b88        0x8 
 .text.chSchGoSleepTimeoutS
                0x0000000008001b90      0x148 /tmp/ch.elf.539pbP.ltrans0.ltrans.o
 *fill*         0x0000000008001cd8        0x8 
 .text.chThdEnqueueTimeoutS
                0x0000000008001ce0       0x28 /tmp/ch.elf.539pbP.ltrans0.ltrans.o
 *fill*         0x0000000008001d08        0x8 
 .text.oqPutTimeout
                0x0000000008001d10       0x54 /tmp/ch.elf.539pbP.ltrans0.ltrans.o
 *fill*         0x0000000008001d64        0xc 
 .text._putt.lto_priv.0
                0x0000000008001d70        0x8 /tmp/ch.elf.539pbP.ltrans0.ltrans.o
 *fill*         0x0000000008001d78        0x8 
 .text._put.lto_priv.0
                0x0000000008001d80        0xc /tmp/ch.elf.539pbP.ltrans0.ltrans.o
 *fill*         0x0000000008001d8c        0x4 
 .text.iqGetTimeout
                0x0000000008001d90       0x54 /tmp/ch.elf.539pbP.ltrans0.ltrans.o
 *fill*         0x0000000008001de4        0xc 
 .text._gett.lto_priv.0
                0x0000000008001df0        0x8 /tmp/ch.elf.539pbP.ltrans0.ltrans.o
 *fill*         0x0000000008001df8        0x8 
 .text._get.lto_priv.0
                0x0000000008001e00        0xc /tmp/ch.elf.539pbP.ltrans0.ltrans.o
 *fill*         0x0000000008001e0c        0x4 
 .text.obqGetEmptyBufferTimeoutS
                0x0000000008001e10       0x34 /tmp/ch.elf.539pbP.ltrans0.ltrans.o
 *fill*         0x0000000008001e44        0xc 
 .text.obqPutTimeout
                0x0000000008001e50       0x64 /tmp/ch.elf.539pbP.ltrans0.ltrans.o
 *fill*         0x0000000008001eb4        0xc 
 .text._putt.lto_priv.1
                0x0000000008001ec0        0x8 /tmp/ch.elf.539pbP.ltrans0.ltrans.o
 *fill*         0x0000000008001ec8        0x8 
 .text._put.lto_priv.1
                0x0000000008001ed0        0xc /tmp/ch.elf.539pbP.ltrans0.ltrans.o
 *fill*         0x0000000008001edc        0x4 
 .text.ibqGetFullBufferTimeoutS
                0x0000000008001ee0       0x34 /tmp/ch.elf.539pbP.ltrans0.ltrans.o
 *fill*         0x0000000008001f14        0xc 
 .text.ibqGetTimeout
                0x0000000008001f20       0x5c /tmp/ch.elf.539pbP.ltrans0.ltrans.o
 *fill*         0x0000000008001f7c        0x4 
 .text._gett.lto_priv.1
                0x0000000008001f80        0x8 /tmp/ch.elf.539pbP.ltrans0.ltrans.o
 *fill*         0x0000000008001f88        0x8 
 .text._get.lto_priv.1
                0x0000000008001f90        0xc /tmp/ch.elf.539pbP.ltrans0.ltrans.o
 *fill*         0x0000000008001f9c        0x4 
 .text.chThdSleep
                0x0000000008001fa0       0x18 /tmp/ch.elf.539pbP.ltrans0.ltrans.o
 *fill*         0x0000000008001fb8        0x8 
 .text.ThreadBlink
                0x0000000008001fc0       0x34 /tmp/ch.elf.539pbP.ltrans0.ltrans.o
 *fill*         0x0000000008001ff4        0xc 
 .text.usbInitEndpointI
                0x0000000008002000       0x2c /tmp/ch.elf.539pbP.ltrans0.ltrans.o
 *fill*         0x000000000800202c        0x4 
 .text.usb_event
                0x0000000008002030       0xe0 /tmp/ch.elf.539pbP.ltrans0.ltrans.o
 .text.efl_lld_read
                0x0000000008002110       0x2c /tmp/ch.elf.539pbP.ltrans0.ltrans.o
 *fill*         0x000000000800213c        0x4 
 .text.oqWriteTimeout
                0x0000000008002140       0xd4 /tmp/ch.elf.539pbP.ltrans0.ltrans.o
 *fill*         0x0000000008002214        0xc 
 .text._writet.lto_priv.0
                0x0000000008002220        0x8 /tmp/ch.elf.539pbP.ltrans0.ltrans.o
 *fill*         0x0000000008002228        0x8 
 .text._write.lto_priv.0
                0x0000000008002230        0xc /tmp/ch.elf.539pbP.ltrans0.ltrans.o
 *fill*         0x000000000800223c        0x4 
 .text.iqReadTimeout
                0x0000000008002240       0xd8 /tmp/ch.elf.539pbP.ltrans0.ltrans.o
 *fill*         0x0000000008002318        0x8 
 .text._readt.lto_priv.0
                0x0000000008002320        0x8 /tmp/ch.elf.539pbP.ltrans0.ltrans.o
 *fill*         0x0000000008002328        0x8 
 .text._read.lto_priv.0
                0x0000000008002330        0xc /tmp/ch.elf.539pbP.ltrans0.ltrans.o
 *fill*         0x000000000800233c        0x4 
 .text.obqWriteTimeout
                0x0000000008002340       0xdc /tmp/ch.elf.539pbP.ltrans0.ltrans.o
 *fill*         0x000000000800241c        0x4 
 .text._writet.lto_priv.1
                0x0000000008002420        0x8 /tmp/ch.elf.539pbP.ltrans0.ltrans.o
 *fill*         0x0000000008002428        0x8 
 .text._write.lto_priv.1
                0x0000000008002430        0xc /tmp/ch.elf.539pbP.ltrans0.ltrans.o
 *fill*         0x000000000800243c        0x4 
 .text.ibqReadTimeout
                0x0000000008002440       0xd0 /tmp/ch.elf.539pbP.ltrans0.ltrans.o
 .text._readt.lto_priv.1
                0x0000000008002510        0x8 /tmp/ch.elf.539pbP.ltrans0.ltrans.o
 *fill*         0x0000000008002518        0x8 
 .text._read.lto_priv.1
                0x0000000008002520        0xc /tmp/ch.elf.539pbP.ltrans0.ltrans.o
 *fill*         0x000000000800252c        0x4 
 .text.startup.main
                0x0000000008002530      0x87c /tmp/ch.elf.539pbP.ltrans0.ltrans.o
                0x0000000008002530                main
 *fill*         0x0000000008002dac        0x4 
 .text._sbrk_r  0x0000000008002db0       0x40 /tmp/ch.elf.539pbP.ltrans0.ltrans.o
                0x0000000008002db0                _sbrk_r
 .text.SVC_Handler
                0x0000000008002df0       0x14 /tmp/ch.elf.539pbP.ltrans0.ltrans.o
                0x0000000008002df0                SVC_Handler
 *fill*         0x0000000008002e04        0xc 
 .text.chThdExit
                0x0000000008002e10       0x58 /tmp/ch.elf.539pbP.ltrans0.ltrans.o
                0x0000000008002e10                chThdExit
 *fill*         0x0000000008002e68        0x8 
 .text.chSchDoPreemption
                0x0000000008002e70       0x3c /tmp/ch.elf.539pbP.ltrans0.ltrans.o
                0x0000000008002e70                chSchDoPreemption
 *fill*         0x0000000008002eac        0x4 
 .text.__early_init
                0x0000000008002eb0       0x7c /tmp/ch.elf.539pbP.ltrans0.ltrans.o
                0x0000000008002eb0                __early_init
 *fill*         0x0000000008002f2c        0x4 
 .text.Vector90
                0x0000000008002f30      0x31c /tmp/ch.elf.539pbP.ltrans0.ltrans.o
                0x0000000008002f30                Vector90
 *fill*         0x000000000800324c        0x4 
 .text.VectorD4
                0x0000000008003250      0x19c /tmp/ch.elf.539pbP.ltrans0.ltrans.o
                0x0000000008003250                VectorD4
 *fill*         0x00000000080033ec        0x4 
 .text.VectorB0
                0x00000000080033f0      0x168 /tmp/ch.elf.539pbP.ltrans0.ltrans.o
                0x00000000080033f0                VectorB0
 *fill*         0x0000000008003558        0x8 
 .text.__init_ram_areas
                0x0000000008003560       0x68 /tmp/ch.elf.539pbP.ltrans0.ltrans.o
                0x0000000008003560                __init_ram_areas
 *fill*         0x00000000080035c8        0x8 
 .text.__default_exit
                0x00000000080035d0        0x4 /tmp/ch.elf.539pbP.ltrans0.ltrans.o
                0x00000000080035d0                __default_exit
 *fill*         0x00000000080035d4        0xc 
 .text.__late_init
                0x00000000080035e0        0x4 /tmp/ch.elf.539pbP.ltrans0.ltrans.o
                0x00000000080035e0                __late_init
 *fill*         0x00000000080035e4        0xc 
 .text.__cpu_init
                0x00000000080035f0        0x4 /tmp/ch.elf.539pbP.ltrans0.ltrans.o
                0x00000000080035f0                __cpu_init
 *(.glue_7t)
 .glue_7t       0x00000000080035f4        0x0 linker stubs
 *(.glue_7)
 .glue_7        0x00000000080035f4        0x0 linker stubs
 *(.gcc*)
                0x00000000080035f4                __text_end__ = .

.vfp11_veneer   0x00000000080035f4        0x0
 .vfp11_veneer  0x00000000080035f4        0x0 linker stubs

.v4_bx          0x00000000080035f4        0x0
 .v4_bx         0x00000000080035f4        0x0 linker stubs

.iplt           0x00000000080035f4        0x0
 .iplt          0x00000000080035f4        0x0 ./build/obj/crt0_v7m.o

.rodata         0x00000000080035f4      0x2d8
                0x00000000080035f4                __rodata_base__ = .
 *(.rodata)
 *(.rodata.*)
 .rodata.ThreadBlink.str1.4
                0x00000000080035f4        0x8 /tmp/ch.elf.539pbP.ltrans0.ltrans.o
 .rodata.main.str1.4
                0x00000000080035fc        0xf /tmp/ch.elf.539pbP.ltrans0.ltrans.o
 *fill*         0x000000000800360b        0x1 
 .rodata.str1.4
                0x000000000800360c        0x3 /tmp/ch.elf.539pbP.ltrans0.ltrans.o
 *fill*         0x000000000800360f        0x1 
 .rodata.active_status
                0x0000000008003610        0x2 /tmp/ch.elf.539pbP.ltrans0.ltrans.o
 *fill*         0x0000000008003612        0x2 
 .rodata.ch_core0_cfg
                0x0000000008003614       0x14 /tmp/ch.elf.539pbP.ltrans0.ltrans.o
 .rodata.ch_debug
                0x0000000008003628       0x16 /tmp/ch.elf.539pbP.ltrans0.ltrans.o
 *fill*         0x000000000800363e        0x2 
 .rodata.efl_lld_descriptor
                0x0000000008003640       0x1c /tmp/ch.elf.539pbP.ltrans0.ltrans.o
 .rodata.ep0config
                0x000000000800365c       0x24 /tmp/ch.elf.539pbP.ltrans0.ltrans.o
 .rodata.ep1config
                0x0000000008003680       0x24 /tmp/ch.elf.539pbP.ltrans0.ltrans.o
 .rodata.ep2config
                0x00000000080036a4       0x24 /tmp/ch.elf.539pbP.ltrans0.ltrans.o
 .rodata.halted_status
                0x00000000080036c8        0x2 /tmp/ch.elf.539pbP.ltrans0.ltrans.o
 *fill*         0x00000000080036ca        0x2 
 .rodata.ram_areas
                0x00000000080036cc       0x80 /tmp/ch.elf.539pbP.ltrans0.ltrans.o
 .rodata.serusbcfg
                0x000000000800374c        0x8 /tmp/ch.elf.539pbP.ltrans0.ltrans.o
 .rodata.usbcfg
                0x0000000008003754       0x10 /tmp/ch.elf.539pbP.ltrans0.ltrans.o
 .rodata.vcom_configuration_descriptor
                0x0000000008003764        0x8 /tmp/ch.elf.539pbP.ltrans0.ltrans.o
 .rodata.vcom_configuration_descriptor_data
                0x000000000800376c       0x43 /tmp/ch.elf.539pbP.ltrans0.ltrans.o
 *fill*         0x00000000080037af        0x1 
 .rodata.vcom_device_descriptor
                0x00000000080037b0        0x8 /tmp/ch.elf.539pbP.ltrans0.ltrans.o
 .rodata.vcom_device_descriptor_data
                0x00000000080037b8       0x12 /tmp/ch.elf.539pbP.ltrans0.ltrans.o
 *fill*         0x00000000080037ca        0x2 
 .rodata.vcom_string0
                0x00000000080037cc        0x4 /tmp/ch.elf.539pbP.ltrans0.ltrans.o
 .rodata.vcom_string1
                0x00000000080037d0       0x26 /tmp/ch.elf.539pbP.ltrans0.ltrans.o
 *fill*         0x00000000080037f6        0x2 
 .rodata.vcom_string2
                0x00000000080037f8       0x38 /tmp/ch.elf.539pbP.ltrans0.ltrans.o
 .rodata.vcom_string3
                0x0000000008003830        0x8 /tmp/ch.elf.539pbP.ltrans0.ltrans.o
 .rodata.vcom_strings
                0x0000000008003838       0x20 /tmp/ch.elf.539pbP.ltrans0.ltrans.o
 .rodata.vmt.lto_priv.0
                0x0000000008003858       0x20 /tmp/ch.elf.539pbP.ltrans0.ltrans.o
 .rodata.vmt.lto_priv.1
                0x0000000008003878       0x28 /tmp/ch.elf.539pbP.ltrans0.ltrans.o
 .rodata.vmt.lto_priv.2
                0x00000000080038a0       0x28 /tmp/ch.elf.539pbP.ltrans0.ltrans.o
 .rodata.zero_status
                0x00000000080038c8        0x2 /tmp/ch.elf.539pbP.ltrans0.ltrans.o
                0x00000000080038cc                . = ALIGN (0x4)
 *fill*         0x00000000080038ca        0x2 
                0x00000000080038cc                __rodata_end__ = .

.rel.dyn        0x00000000080038cc        0x0
 .rel.iplt      0x00000000080038cc        0x0 ./build/obj/crt0_v7m.o

.ARM.extab
 *(.ARM.extab* .gnu.linkonce.armextab.*)

.ARM.exidx      0x00000000080038cc        0x0
                0x00000000080038cc                __exidx_base__ = .
                0x00000000080038cc                __exidx_start = .
 *(.ARM.exidx* .gnu.linkonce.armexidx.*)
                0x00000000080038cc                __exidx_end__ = .
                0x00000000080038cc                __exidx_end = .

.eh_frame_hdr
 *(.eh_frame_hdr)

.eh_frame
 *(.eh_frame)

.data           0x0000000020000800      0x848 load address 0x00000000080038cc
                [!provide]                        PROVIDE (_textdata = LOADADDR (.data))
                [!provide]                        PROVIDE (_data = .)
                0x00000000080038cc                __textdata_base__ = LOADADDR (.data)
                0x0000000020000800                __data_base__ = .
 *(.data)
 .data          0x0000000020000800      0x410 /usr/lib/gcc/arm-none-eabi/9.2.1/../../../arm-none-eabi/lib/thumb/v7-m/nofp/libg.a(lib_a-mallocr.o)
                0x0000000020000800                __malloc_av_
                0x0000000020000c08                __malloc_sbrk_base
                0x0000000020000c0c                __malloc_trim_threshold
 .data          0x0000000020000c10      0x430 /usr/lib/gcc/arm-none-eabi/9.2.1/../../../arm-none-eabi/lib/thumb/v7-m/nofp/libg.a(lib_a-impure.o)
                0x0000000020000c10                _impure_ptr
 *(.data.*)
 .data.linecoding
                0x0000000020001040        0x7 /tmp/ch.elf.539pbP.ltrans0.ltrans.o
 *(.ramtext)
                0x0000000020001048                . = ALIGN (0x4)
 *fill*         0x0000000020001047        0x1 
                [!provide]                        PROVIDE (_edata = .)
                0x0000000020001048                __data_end__ = .

.igot.plt       0x0000000020001048        0x0 load address 0x0000000008004114
 .igot.plt      0x0000000020001048        0x0 ./build/obj/crt0_v7m.o

.bss            0x0000000020001048      0x9a0 load address 0x0000000008004114
                0x0000000020001048                __bss_base__ = .
 *(.bss)
 .bss           0x0000000020001048       0x34 /usr/lib/gcc/arm-none-eabi/9.2.1/../../../arm-none-eabi/lib/thumb/v7-m/nofp/libg.a(lib_a-mallocr.o)
                0x0000000020001048                __malloc_top_pad
                0x000000002000104c                __malloc_current_mallinfo
                0x0000000020001074                __malloc_max_sbrked_mem
                0x0000000020001078                __malloc_max_total_mem
 *(.bss.*)
 .bss.EFLD1     0x000000002000107c       0x10 /tmp/ch.elf.539pbP.ltrans0.ltrans.o
 .bss.SD1       0x000000002000108c       0x80 /tmp/ch.elf.539pbP.ltrans0.ltrans.o
 .bss.SDU1      0x000000002000110c      0x490 /tmp/ch.elf.539pbP.ltrans0.ltrans.o
 .bss.USBD1     0x000000002000159c       0x88 /tmp/ch.elf.539pbP.ltrans0.ltrans.o
 *fill*         0x0000000020001624        0x4 
 .bss.ch0       0x0000000020001628       0x88 /tmp/ch.elf.539pbP.ltrans0.ltrans.o
 .bss.ch_c0_idle_thread_wa
                0x00000000200016b0      0x100 /tmp/ch.elf.539pbP.ltrans0.ltrans.o
 .bss.ch_factory
                0x00000000200017b0       0x48 /tmp/ch.elf.539pbP.ltrans0.ltrans.o
 .bss.ch_memcore
                0x00000000200017f8        0x8 /tmp/ch.elf.539pbP.ltrans0.ltrans.o
 .bss.ch_system
                0x0000000020001800        0xc /tmp/ch.elf.539pbP.ltrans0.ltrans.o
 .bss.default_heap
                0x000000002000180c       0x1c /tmp/ch.elf.539pbP.ltrans0.ltrans.o
 .bss.ep0_state
                0x0000000020001828       0x10 /tmp/ch.elf.539pbP.ltrans0.ltrans.o
 .bss.ep0setup_buffer
                0x0000000020001838        0x8 /tmp/ch.elf.539pbP.ltrans0.ltrans.o
 .bss.ep1instate
                0x0000000020001840       0x10 /tmp/ch.elf.539pbP.ltrans0.ltrans.o
 .bss.ep1outstate
                0x0000000020001850       0x10 /tmp/ch.elf.539pbP.ltrans0.ltrans.o
 .bss.ep2instate
                0x0000000020001860       0x10 /tmp/ch.elf.539pbP.ltrans0.ltrans.o
 .bss.shell_terminated
                0x0000000020001870        0x4 /tmp/ch.elf.539pbP.ltrans0.ltrans.o
 *fill*         0x0000000020001874        0x4 
 .bss.waThreadBlink
                0x0000000020001878      0x170 /tmp/ch.elf.539pbP.ltrans0.ltrans.o
 *(COMMON)
                0x00000000200019e8                . = ALIGN (0x4)
                0x00000000200019e8                __bss_end__ = .
                [!provide]                        PROVIDE (end = .)
                0x0000000020000000                __ram0_base__ = ORIGIN (ram0)
                0x0000000000005000                __ram0_size__ = LENGTH (ram0)
                0x0000000020005000                __ram0_end__ = (__ram0_base__ + __ram0_size__)
                0x0000000000000000                __ram1_base__ = ORIGIN (ram1)
                0x0000000000000000                __ram1_size__ = LENGTH (ram1)
                0x0000000000000000                __ram1_end__ = (__ram1_base__ + __ram1_size__)
                0x0000000000000000                __ram2_base__ = ORIGIN (ram2)
                0x0000000000000000                __ram2_size__ = LENGTH (ram2)
                0x0000000000000000                __ram2_end__ = (__ram2_base__ + __ram2_size__)
                0x0000000000000000                __ram3_base__ = ORIGIN (ram3)
                0x0000000000000000                __ram3_size__ = LENGTH (ram3)
                0x0000000000000000                __ram3_end__ = (__ram3_base__ + __ram3_size__)
                0x0000000000000000                __ram4_base__ = ORIGIN (ram4)
                0x0000000000000000                __ram4_size__ = LENGTH (ram4)
                0x0000000000000000                __ram4_end__ = (__ram4_base__ + __ram4_size__)
                0x0000000000000000                __ram5_base__ = ORIGIN (ram5)
                0x0000000000000000                __ram5_size__ = LENGTH (ram5)
                0x0000000000000000                __ram5_end__ = (__ram5_base__ + __ram5_size__)
                0x0000000000000000                __ram6_base__ = ORIGIN (ram6)
                0x0000000000000000                __ram6_size__ = LENGTH (ram6)
                0x0000000000000000                __ram6_end__ = (__ram6_base__ + __ram6_size__)
                0x0000000000000000                __ram7_base__ = ORIGIN (ram7)
                0x0000000000000000                __ram7_size__ = LENGTH (ram7)
                0x0000000000000000                __ram7_end__ = (__ram7_base__ + __ram7_size__)
                0x0000000008000000                __flash0_base__ = ORIGIN (flash0)
                0x0000000000020000                __flash0_size__ = LENGTH (flash0)
                0x0000000008020000                __flash0_end__ = (__flash0_base__ + __flash0_size__)
                0x0000000000000000                __flash1_base__ = ORIGIN (flash1)
                0x0000000000000000                __flash1_size__ = LENGTH (flash1)
                0x0000000000000000                __flash1_end__ = (__flash1_base__ + __flash1_size__)
                0x0000000000000000                __flash2_base__ = ORIGIN (flash2)
                0x0000000000000000                __flash2_size__ = LENGTH (flash2)
                0x0000000000000000                __flash2_end__ = (__flash2_base__ + __flash2_size__)
                0x0000000000000000                __flash3_base__ = ORIGIN (flash3)
                0x0000000000000000                __flash3_size__ = LENGTH (flash3)
                0x0000000000000000                __flash3_end__ = (__flash3_base__ + __flash3_size__)
                0x0000000000000000                __flash4_base__ = ORIGIN (flash4)
                0x0000000000000000                __flash4_size__ = LENGTH (flash4)
                0x0000000000000000                __flash4_end__ = (__flash4_base__ + __flash4_size__)
                0x0000000000000000                __flash5_base__ = ORIGIN (flash5)
                0x0000000000000000                __flash5_size__ = LENGTH (flash5)
                0x0000000000000000                __flash5_end__ = (__flash5_base__ + __flash5_size__)
                0x0000000000000000                __flash6_base__ = ORIGIN (flash6)
                0x0000000000000000                __flash6_size__ = LENGTH (flash6)
                0x0000000000000000                __flash6_end__ = (__flash6_base__ + __flash6_size__)
                0x0000000000000000                __flash7_base__ = ORIGIN (flash7)
                0x0000000000000000                __flash7_size__ = LENGTH (flash7)
                0x0000000000000000                __flash7_end__ = (__flash7_base__ + __flash7_size__)

.ram0_init      0x00000000200019e8        0x0 load address 0x0000000008004114
                0x0000000008004114                __ram0_init_text__ = LOADADDR (.ram0_init)
                0x00000000200019e8                __ram0_init__ = .
 *(.ram0_init)
 *(.ram0_init.*)
                0x00000000200019e8                . = ALIGN (0x4)

.ram0           0x00000000200019e8        0x0 load address 0x0000000008004114
                0x00000000200019e8                __ram0_clear__ = .
 *(.ram0_clear)
 *(.ram0_clear.*)
                0x00000000200019e8                . = ALIGN (0x4)
                0x00000000200019e8                __ram0_noinit__ = .
 *(.ram0)
 *(.ram0.*)
                0x00000000200019e8                . = ALIGN (0x4)
                0x00000000200019e8                __ram0_free__ = .

.ram1_init      0x0000000000000000        0x0 load address 0x0000000008004114
                0x0000000008004114                __ram1_init_text__ = LOADADDR (.ram1_init)
                0x0000000000000000                __ram1_init__ = .
 *(.ram1_init)
 *(.ram1_init.*)
                0x0000000000000000                . = ALIGN (0x4)

.ram1           0x0000000000000000        0x0 load address 0x0000000008004114
                0x0000000000000000                __ram1_clear__ = .
 *(.ram1_clear)
 *(.ram1_clear.*)
                0x0000000000000000                . = ALIGN (0x4)
                0x0000000000000000                __ram1_noinit__ = .
 *(.ram1)
 *(.ram1.*)
                0x0000000000000000                . = ALIGN (0x4)
                0x0000000000000000                __ram1_free__ = .

.ram2_init      0x0000000000000000        0x0 load address 0x0000000008004114
                0x0000000008004114                __ram2_init_text__ = LOADADDR (.ram2_init)
                0x0000000000000000                __ram2_init__ = .
 *(.ram2_init)
 *(.ram2_init.*)
                0x0000000000000000                . = ALIGN (0x4)

.ram2           0x0000000000000000        0x0 load address 0x0000000008004114
                0x0000000000000000                __ram2_clear__ = .
 *(.ram2_clear)
 *(.ram2_clear.*)
                0x0000000000000000                . = ALIGN (0x4)
                0x0000000000000000                __ram2_noinit__ = .
 *(.ram2)
 *(.ram2.*)
                0x0000000000000000                . = ALIGN (0x4)
                0x0000000000000000                __ram2_free__ = .

.ram3_init      0x0000000000000000        0x0 load address 0x0000000008004114
                0x0000000008004114                __ram3_init_text__ = LOADADDR (.ram3_init)
                0x0000000000000000                __ram3_init__ = .
 *(.ram3_init)
 *(.ram3_init.*)
                0x0000000000000000                . = ALIGN (0x4)

.ram3           0x0000000000000000        0x0 load address 0x0000000008004114
                0x0000000000000000                __ram3_clear__ = .
 *(.ram3_clear)
 *(.ram3_clear.*)
                0x0000000000000000                . = ALIGN (0x4)
                0x0000000000000000                __ram3_noinit__ = .
 *(.ram3)
 *(.ram3.*)
                0x0000000000000000                . = ALIGN (0x4)
                0x0000000000000000                __ram3_free__ = .

.ram4_init      0x0000000000000000        0x0 load address 0x0000000008004114
                0x0000000008004114                __ram4_init_text__ = LOADADDR (.ram4_init)
                0x0000000000000000                __ram4_init__ = .
 *(.ram4_init)
 *(.ram4_init.*)
                0x0000000000000000                . = ALIGN (0x4)

.ram4           0x0000000000000000        0x0 load address 0x0000000008004114
                0x0000000000000000                __ram4_clear__ = .
 *(.ram4_clear)
 *(.ram4_clear.*)
                0x0000000000000000                . = ALIGN (0x4)
                0x0000000000000000                __ram4_noinit__ = .
 *(.ram4)
 *(.ram4.*)
                0x0000000000000000                . = ALIGN (0x4)
                0x0000000000000000                __ram4_free__ = .

.ram5_init      0x0000000000000000        0x0 load address 0x0000000008004114
                0x0000000008004114                __ram5_init_text__ = LOADADDR (.ram5_init)
                0x0000000000000000                __ram5_init__ = .
 *(.ram5_init)
 *(.ram5_init.*)
                0x0000000000000000                . = ALIGN (0x4)

.ram5           0x0000000000000000        0x0 load address 0x0000000008004114
                0x0000000000000000                __ram5_clear__ = .
 *(.ram5_clear)
 *(.ram5_clear.*)
                0x0000000000000000                . = ALIGN (0x4)
                0x0000000000000000                __ram5_noinit__ = .
 *(.ram5)
 *(.ram5.*)
                0x0000000000000000                . = ALIGN (0x4)
                0x0000000000000000                __ram5_free__ = .

.ram6_init      0x0000000000000000        0x0 load address 0x0000000008004114
                0x0000000008004114                __ram6_init_text__ = LOADADDR (.ram6_init)
                0x0000000000000000                __ram6_init__ = .
 *(.ram6_init)
 *(.ram6_init.*)
                0x0000000000000000                . = ALIGN (0x4)

.ram6           0x0000000000000000        0x0 load address 0x0000000008004114
                0x0000000000000000                __ram6_clear__ = .
 *(.ram6_clear)
 *(.ram6_clear.*)
                0x0000000000000000                . = ALIGN (0x4)
                0x0000000000000000                __ram6_noinit__ = .
 *(.ram6)
 *(.ram6.*)
                0x0000000000000000                . = ALIGN (0x4)
                0x0000000000000000                __ram6_free__ = .

.ram7_init      0x0000000000000000        0x0 load address 0x0000000008004114
                0x0000000008004114                __ram7_init_text__ = LOADADDR (.ram7_init)
                0x0000000000000000                __ram7_init__ = .
 *(.ram7_init)
 *(.ram7_init.*)
                0x0000000000000000                . = ALIGN (0x4)

.ram7           0x0000000000000000        0x0 load address 0x0000000008004114
                0x0000000000000000                __ram7_clear__ = .
 *(.ram7_clear)
 *(.ram7_clear.*)
                0x0000000000000000                . = ALIGN (0x4)
                0x0000000000000000                __ram7_noinit__ = .
 *(.ram7)
 *(.ram7.*)
                0x0000000000000000                . = ALIGN (0x4)
                0x0000000000000000                __ram7_free__ = .

.flash0         0x0000000008004114        0x0
                0x0000000008004114                __flash0_init__ = .
 *(.flash0_init)
 *(.flash0_init.*)
                0x0000000008004114                __flash0_free__ = .

.flash1         0x0000000000000000        0x0
                0x0000000000000000                __flash1_init__ = .
 *(.flash1_init)
 *(.flash1_init.*)
                0x0000000000000000                __flash1_free__ = .

.flash2         0x0000000000000000        0x0
                0x0000000000000000                __flash2_init__ = .
 *(.flash2_init)
 *(.flash2_init.*)
                0x0000000000000000                __flash2_free__ = .

.flash3         0x0000000000000000        0x0
                0x0000000000000000                __flash3_init__ = .
 *(.flash3_init)
 *(.flash3_init.*)
                0x0000000000000000                __flash3_free__ = .

.flash4         0x0000000000000000        0x0
                0x0000000000000000                __flash4_init__ = .
 *(.flash4_init)
 *(.flash4_init.*)
                0x0000000000000000                __flash4_free__ = .

.flash5         0x0000000000000000        0x0
                0x0000000000000000                __flash5_init__ = .
 *(.flash5_init)
 *(.flash5_init.*)
                0x0000000000000000                __flash5_free__ = .

.flash6         0x0000000000000000        0x0
                0x0000000000000000                __flash6_init__ = .
 *(.flash6_init)
 *(.flash6_init.*)
                0x0000000000000000                __flash6_free__ = .

.flash7         0x0000000000000000        0x0
                0x0000000000000000                __flash7_init__ = .
 *(.flash7_init)
 *(.flash7_init.*)
                0x0000000000000000                __flash7_free__ = .

.heap           0x00000000200019e8     0x3618
                0x00000000200019e8                . = ALIGN (0x8)
                0x00000000200019e8                __heap_base__ = .
                0x0000000020005000                . = (ORIGIN (HEAP_RAM) + LENGTH (HEAP_RAM))
 *fill*         0x00000000200019e8     0x3618 
                0x0000000020005000                __heap_end__ = .
                0x0000000000000400                __process_stack_size__ = 0x400
                0x0000000000000400                __main_stack_size__ = 0x400
START GROUP
LOAD /usr/lib/gcc/arm-none-eabi/9.2.1/thumb/v7-m/nofp/libgcc.a
LOAD /usr/lib/gcc/arm-none-eabi/9.2.1/../../../arm-none-eabi/lib/thumb/v7-m/nofp/libg.a
LOAD /usr/lib/gcc/arm-none-eabi/9.2.1/../../../arm-none-eabi/lib/thumb/v7-m/nofp/libc.a
END GROUP
OUTPUT(build/ch.elf elf32-littlearm)
LOAD linker stubs

.ARM.attributes
                0x0000000000000000       0x2f
 .ARM.attributes
                0x0000000000000000       0x21 ./build/obj/crt0_v7m.o
 .ARM.attributes
                0x0000000000000021       0x21 ./build/obj/vectors.o
 .ARM.attributes
                0x0000000000000042       0x21 ./build/obj/chcoreasm.o
 .ARM.attributes
                0x0000000000000063       0x2b /tmp/ch.elf.539pbP.ltrans0.ltrans.o
 .ARM.attributes
                0x000000000000008e       0x2d /usr/lib/gcc/arm-none-eabi/9.2.1/../../../arm-none-eabi/lib/thumb/v7-m/nofp/libg.a(lib_a-malloc.o)
 .ARM.attributes
                0x00000000000000bb       0x2d /usr/lib/gcc/arm-none-eabi/9.2.1/../../../arm-none-eabi/lib/thumb/v7-m/nofp/libg.a(lib_a-mallocr.o)
 .ARM.attributes
                0x00000000000000e8       0x1b /usr/lib/gcc/arm-none-eabi/9.2.1/../../../arm-none-eabi/lib/thumb/v7-m/nofp/libg.a(lib_a-memcpy.o)
 .ARM.attributes
                0x0000000000000103       0x2d /usr/lib/gcc/arm-none-eabi/9.2.1/../../../arm-none-eabi/lib/thumb/v7-m/nofp/libg.a(lib_a-mlock.o)
 .ARM.attributes
                0x0000000000000130       0x2d /usr/lib/gcc/arm-none-eabi/9.2.1/../../../arm-none-eabi/lib/thumb/v7-m/nofp/libg.a(lib_a-freer.o)
 .ARM.attributes
                0x000000000000015d       0x2d /usr/lib/gcc/arm-none-eabi/9.2.1/../../../arm-none-eabi/lib/thumb/v7-m/nofp/libg.a(lib_a-impure.o)

.comment        0x0000000000000000       0xa7
 .comment       0x0000000000000000       0x59 /tmp/ch.elf.539pbP.ltrans0.ltrans.o
                                         0x5a (size before relaxing)
 .comment       0x0000000000000059       0x4e /usr/lib/gcc/arm-none-eabi/9.2.1/../../../arm-none-eabi/lib/thumb/v7-m/nofp/libg.a(lib_a-malloc.o)
                                         0x4f (size before relaxing)
 .comment       0x00000000000000a7       0x4f /usr/lib/gcc/arm-none-eabi/9.2.1/../../../arm-none-eabi/lib/thumb/v7-m/nofp/libg.a(lib_a-mallocr.o)
 .comment       0x00000000000000a7       0x4f /usr/lib/gcc/arm-none-eabi/9.2.1/../../../arm-none-eabi/lib/thumb/v7-m/nofp/libg.a(lib_a-mlock.o)
 .comment       0x00000000000000a7       0x4f /usr/lib/gcc/arm-none-eabi/9.2.1/../../../arm-none-eabi/lib/thumb/v7-m/nofp/libg.a(lib_a-freer.o)
 .comment       0x00000000000000a7       0x4f /usr/lib/gcc/arm-none-eabi/9.2.1/../../../arm-none-eabi/lib/thumb/v7-m/nofp/libg.a(lib_a-impure.o)

.debug_line     0x0000000000000000    0x10a99
 .debug_line    0x0000000000000000       0xcd ./build/obj/crt0_v7m.o
 .debug_line    0x00000000000000cd       0x77 ./build/obj/vectors.o
 .debug_line    0x0000000000000144       0x8b ./build/obj/chcoreasm.o
 .debug_line    0x00000000000001cf     0x68b5 /tmp/ch.elf.539pbP.ltrans0.ltrans.o
 .debug_line    0x0000000000006a84      0x115 /tmp/ccdkTXBO.debug.temp.o
 .debug_line    0x0000000000006b99      0x449 /tmp/ccJqlzPO.debug.temp.o
 .debug_line    0x0000000000006fe2      0x49b /tmp/ccStOufR.debug.temp.o
 .debug_line    0x000000000000747d      0x4b9 /tmp/ccPGXOqR.debug.temp.o
 .debug_line    0x0000000000007936      0x4a7 /tmp/ccdAv6vQ.debug.temp.o
 .debug_line    0x0000000000007ddd      0x44f /tmp/ccH1eIdN.debug.temp.o
 .debug_line    0x000000000000822c      0x45c /tmp/cc2bPkzN.debug.temp.o
 .debug_line    0x0000000000008688      0x42e /tmp/cczrbOYO.debug.temp.o
 .debug_line    0x0000000000008ab6      0x45f /tmp/ccikfgAP.debug.temp.o
 .debug_line    0x0000000000008f15      0x499 /tmp/ccKRVhlR.debug.temp.o
 .debug_line    0x00000000000093ae      0x4a4 /tmp/ccA6w3CQ.debug.temp.o
 .debug_line    0x0000000000009852      0x42e /tmp/ccH09P3P.debug.temp.o
 .debug_line    0x0000000000009c80      0x409 /tmp/cc2TVFTP.debug.temp.o
 .debug_line    0x000000000000a089      0x407 /tmp/cc58FANO.debug.temp.o
 .debug_line    0x000000000000a490      0x444 /tmp/ccMVML7Q.debug.temp.o
 .debug_line    0x000000000000a8d4      0x40b /tmp/cc9RRWHO.debug.temp.o
 .debug_line    0x000000000000acdf      0x4b0 /tmp/ccGY76jO.debug.temp.o
 .debug_line    0x000000000000b18f      0x449 /tmp/cc5TJqlR.debug.temp.o
 .debug_line    0x000000000000b5d8      0x453 /tmp/ccpUDsqN.debug.temp.o
 .debug_line    0x000000000000ba2b      0x40b /tmp/cck4mBfO.debug.temp.o
 .debug_line    0x000000000000be36      0x27d /tmp/cciL2p7P.debug.temp.o
 .debug_line    0x000000000000c0b3      0x264 /tmp/ccU2l35M.debug.temp.o
 .debug_line    0x000000000000c317      0x2af /tmp/ccBLjVXO.debug.temp.o
 .debug_line    0x000000000000c5c6      0x27d /tmp/ccyCrTGO.debug.temp.o
 .debug_line    0x000000000000c843      0x2b6 /tmp/ccNYrkHP.debug.temp.o
 .debug_line    0x000000000000caf9      0x2c3 /tmp/ccTuWa0O.debug.temp.o
 .debug_line    0x000000000000cdbc      0x262 /tmp/ccxdniqP.debug.temp.o
 .debug_line    0x000000000000d01e      0x2bf /tmp/ccgQG72N.debug.temp.o
 .debug_line    0x000000000000d2dd      0x28d /tmp/ccFEUbOP.debug.temp.o
 .debug_line    0x000000000000d56a      0x292 /tmp/ccCPOmsR.debug.temp.o
 .debug_line    0x000000000000d7fc      0x295 /tmp/ccf7qAdR.debug.temp.o
 .debug_line    0x000000000000da91      0x279 /tmp/ccnvT5sQ.debug.temp.o
 .debug_line    0x000000000000dd0a      0x27b /tmp/ccQHVVaQ.debug.temp.o
 .debug_line    0x000000000000df85      0x27a /tmp/ccOG6qYP.debug.temp.o
 .debug_line    0x000000000000e1ff      0x2ce /tmp/ccEgdiDQ.debug.temp.o
 .debug_line    0x000000000000e4cd      0x2a4 /tmp/ccttAXfR.debug.temp.o
 .debug_line    0x000000000000e771      0x4a7 /tmp/ccN7tojR.debug.temp.o
 .debug_line    0x000000000000ec18      0x471 /tmp/ccfVhHkR.debug.temp.o
 .debug_line    0x000000000000f089      0x338 /tmp/ccGRN1jN.debug.temp.o
 .debug_line    0x000000000000f3c1      0x4f5 /tmp/ccIuBxDQ.debug.temp.o
 .debug_line    0x000000000000f8b6      0x15e /usr/lib/gcc/arm-none-eabi/9.2.1/../../../arm-none-eabi/lib/thumb/v7-m/nofp/libg.a(lib_a-malloc.o)
 .debug_line    0x000000000000fa14      0x88c /usr/lib/gcc/arm-none-eabi/9.2.1/../../../arm-none-eabi/lib/thumb/v7-m/nofp/libg.a(lib_a-mallocr.o)
 .debug_line    0x00000000000102a0       0xc1 /usr/lib/gcc/arm-none-eabi/9.2.1/../../../arm-none-eabi/lib/thumb/v7-m/nofp/libg.a(lib_a-memcpy.o)
 .debug_line    0x0000000000010361      0x13d /usr/lib/gcc/arm-none-eabi/9.2.1/../../../arm-none-eabi/lib/thumb/v7-m/nofp/libg.a(lib_a-mlock.o)
 .debug_line    0x000000000001049e      0x518 /usr/lib/gcc/arm-none-eabi/9.2.1/../../../arm-none-eabi/lib/thumb/v7-m/nofp/libg.a(lib_a-freer.o)
 .debug_line    0x00000000000109b6       0xe3 /usr/lib/gcc/arm-none-eabi/9.2.1/../../../arm-none-eabi/lib/thumb/v7-m/nofp/libg.a(lib_a-impure.o)

.debug_info     0x0000000000000000    0x4c61b
 .debug_info    0x0000000000000000       0x26 ./build/obj/crt0_v7m.o
 .debug_info    0x0000000000000026       0x26 ./build/obj/vectors.o
 .debug_info    0x000000000000004c       0x26 ./build/obj/chcoreasm.o
 .debug_info    0x0000000000000072     0x84cf /tmp/ch.elf.539pbP.ltrans0.ltrans.o
 .debug_info    0x0000000000008541      0x339 /tmp/ccdkTXBO.debug.temp.o
                0x0000000000008541                crt1.c.f7d52027
 .debug_info    0x000000000000887a     0x1a88 /tmp/ccJqlzPO.debug.temp.o
                0x000000000000887a                hal.c.4fc67bf0
 .debug_info    0x000000000000a302     0x1ce5 /tmp/ccStOufR.debug.temp.o
                0x000000000000a302                hal_st.c.7b2d1649
 .debug_info    0x000000000000bfe7     0x2ab8 /tmp/ccPGXOqR.debug.temp.o
                0x000000000000bfe7                hal_buffers.c.8474cdce
 .debug_info    0x000000000000ea9f     0x28d1 /tmp/ccdAv6vQ.debug.temp.o
                0x000000000000ea9f                hal_queues.c.1252bc27
 .debug_info    0x0000000000011370     0x1c46 /tmp/ccH1eIdN.debug.temp.o
                0x0000000000011370                hal_flash.c.40d4a984
 .debug_info    0x0000000000012fb6     0x1b94 /tmp/cc2bPkzN.debug.temp.o
                0x0000000000012fb6                hal_efl.c.10c6f91a
 .debug_info    0x0000000000014b4a     0x1c3c /tmp/cczrbOYO.debug.temp.o
                0x0000000000014b4a                hal_pal.c.dac453ed
 .debug_info    0x0000000000016786     0x1f5e /tmp/ccikfgAP.debug.temp.o
                0x0000000000016786                hal_serial.c.5f46d19b
 .debug_info    0x00000000000186e4     0x2397 /tmp/ccKRVhlR.debug.temp.o
                0x00000000000186e4                hal_serial_usb.c.29d094a0
 .debug_info    0x000000000001aa7b     0x28c3 /tmp/ccA6w3CQ.debug.temp.o
                0x000000000001aa7b                hal_usb.c.a4d1f557
 .debug_info    0x000000000001d33e     0x1e80 /tmp/ccH09P3P.debug.temp.o
                0x000000000001d33e                nvic.c.d7bc63a2
 .debug_info    0x000000000001f1be     0x1bce /tmp/cc2TVFTP.debug.temp.o
                0x000000000001f1be                stm32_isr.c.21634cc4
 .debug_info    0x0000000000020d8c     0x1b6d /tmp/cc58FANO.debug.temp.o
                0x0000000000020d8c                hal_lld.c.c4a2baa3
 .debug_info    0x00000000000228f9     0x27c3 /tmp/ccMVML7Q.debug.temp.o
                0x00000000000228f9                hal_efl_lld.c.93db551a
 .debug_info    0x00000000000250bc     0x1c73 /tmp/cc9RRWHO.debug.temp.o
                0x00000000000250bc                hal_pal_lld.c.ca514db6
 .debug_info    0x0000000000026d2f     0x1d6f /tmp/ccGY76jO.debug.temp.o
                0x0000000000026d2f                hal_st_lld.c.b4b94c4e
 .debug_info    0x0000000000028a9e     0x1d86 /tmp/cc5TJqlR.debug.temp.o
                0x0000000000028a9e                hal_serial_lld.c.288310dc
 .debug_info    0x000000000002a824     0x29cb /tmp/ccpUDsqN.debug.temp.o
                0x000000000002a824                hal_usb_lld.c.28a3290e
 .debug_info    0x000000000002d1ef     0x1a8f /tmp/cck4mBfO.debug.temp.o
                0x000000000002d1ef                board.c.cddec19a
 .debug_info    0x000000000002ec7e     0x10a4 /tmp/cciL2p7P.debug.temp.o
                0x000000000002ec7e                chsys.c.2a8a3a7a
 .debug_info    0x000000000002fd22      0xbe6 /tmp/ccU2l35M.debug.temp.o
                0x000000000002fd22                chrfcu.c.10864700
 .debug_info    0x0000000000030908     0x11de /tmp/ccBLjVXO.debug.temp.o
                0x0000000000030908                chvt.c.e7c69b34
 .debug_info    0x0000000000031ae6     0x10d2 /tmp/ccyCrTGO.debug.temp.o
                0x0000000000031ae6                chschd.c.5fa58f2e
 .debug_info    0x0000000000032bb8      0xd8b /tmp/ccNYrkHP.debug.temp.o
                0x0000000000032bb8                chinstances.c.5a0b5e95
 .debug_info    0x0000000000033943     0x1480 /tmp/ccTuWa0O.debug.temp.o
                0x0000000000033943                chthreads.c.33564a2d
 .debug_info    0x0000000000034dc3      0xe33 /tmp/ccxdniqP.debug.temp.o
                0x0000000000034dc3                chtm.c.9132e43e
 .debug_info    0x0000000000035bf6     0x15af /tmp/ccgQG72N.debug.temp.o
                0x0000000000035bf6                chregistry.c.22204fed
 .debug_info    0x00000000000371a5      0xeec /tmp/ccFEUbOP.debug.temp.o
                0x00000000000371a5                chmtx.c.3a2bf049
 .debug_info    0x0000000000038091     0x1199 /tmp/ccCPOmsR.debug.temp.o
                0x0000000000038091                chevents.c.d7b4098c
 .debug_info    0x000000000003922a      0xe7a /tmp/ccf7qAdR.debug.temp.o
                0x000000000003922a                chdynamic.c.5f10be83
 .debug_info    0x000000000003a0a4      0xd90 /tmp/ccnvT5sQ.debug.temp.o
                0x000000000003a0a4                chmemcore.c.c220592a
 .debug_info    0x000000000003ae34      0xe86 /tmp/ccQHVVaQ.debug.temp.o
                0x000000000003ae34                chmemheaps.c.b1be5ae4
 .debug_info    0x000000000003bcba      0xf3b /tmp/ccOG6qYP.debug.temp.o
                0x000000000003bcba                chmempools.c.9a58d499
 .debug_info    0x000000000003cbf5     0x1dae /tmp/ccEgdiDQ.debug.temp.o
                0x000000000003cbf5                chfactory.c.00a0ef65
 .debug_info    0x000000000003e9a3     0x1bd1 /tmp/ccttAXfR.debug.temp.o
                0x000000000003e9a3                chcore.c.fc1f19f2
 .debug_info    0x0000000000040574     0x271f /tmp/ccN7tojR.debug.temp.o
                0x0000000000040574                shell.c.5a20baa5
 .debug_info    0x0000000000042c93     0x1f61 /tmp/ccfVhHkR.debug.temp.o
                0x0000000000042c93                usbcfg.c.70618c3a
 .debug_info    0x0000000000044bf4     0x188d /tmp/ccGRN1jN.debug.temp.o
                0x0000000000044bf4                syscalls.c.f07150dc
 .debug_info    0x0000000000046481     0x2841 /tmp/ccIuBxDQ.debug.temp.o
                0x0000000000046481                main.c.48242f0f
 .debug_info    0x0000000000048cc2      0x9b6 /usr/lib/gcc/arm-none-eabi/9.2.1/../../../arm-none-eabi/lib/thumb/v7-m/nofp/libg.a(lib_a-malloc.o)
 .debug_info    0x0000000000049678      0xf2e /usr/lib/gcc/arm-none-eabi/9.2.1/../../../arm-none-eabi/lib/thumb/v7-m/nofp/libg.a(lib_a-mallocr.o)
 .debug_info    0x000000000004a5a6       0x26 /usr/lib/gcc/arm-none-eabi/9.2.1/../../../arm-none-eabi/lib/thumb/v7-m/nofp/libg.a(lib_a-memcpy.o)
 .debug_info    0x000000000004a5cc      0x961 /usr/lib/gcc/arm-none-eabi/9.2.1/../../../arm-none-eabi/lib/thumb/v7-m/nofp/libg.a(lib_a-mlock.o)
 .debug_info    0x000000000004af2d      0xdc4 /usr/lib/gcc/arm-none-eabi/9.2.1/../../../arm-none-eabi/lib/thumb/v7-m/nofp/libg.a(lib_a-freer.o)
 .debug_info    0x000000000004bcf1      0x92a /usr/lib/gcc/arm-none-eabi/9.2.1/../../../arm-none-eabi/lib/thumb/v7-m/nofp/libg.a(lib_a-impure.o)

.debug_abbrev   0x0000000000000000     0x7152
 .debug_abbrev  0x0000000000000000       0x14 ./build/obj/crt0_v7m.o
 .debug_abbrev  0x0000000000000014       0x14 ./build/obj/vectors.o
 .debug_abbrev  0x0000000000000028       0x14 ./build/obj/chcoreasm.o
 .debug_abbrev  0x000000000000003c      0x327 /tmp/ch.elf.539pbP.ltrans0.ltrans.o
 .debug_abbrev  0x0000000000000363       0xff /tmp/ccdkTXBO.debug.temp.o
 .debug_abbrev  0x0000000000000462      0x1c8 /tmp/ccJqlzPO.debug.temp.o
 .debug_abbrev  0x000000000000062a      0x24e /tmp/ccStOufR.debug.temp.o
 .debug_abbrev  0x0000000000000878      0x316 /tmp/ccPGXOqR.debug.temp.o
 .debug_abbrev  0x0000000000000b8e      0x329 /tmp/ccdAv6vQ.debug.temp.o
 .debug_abbrev  0x0000000000000eb7      0x218 /tmp/ccH1eIdN.debug.temp.o
 .debug_abbrev  0x00000000000010cf      0x233 /tmp/cc2bPkzN.debug.temp.o
 .debug_abbrev  0x0000000000001302      0x20d /tmp/cczrbOYO.debug.temp.o
 .debug_abbrev  0x000000000000150f      0x299 /tmp/ccikfgAP.debug.temp.o
 .debug_abbrev  0x00000000000017a8      0x30b /tmp/ccKRVhlR.debug.temp.o
 .debug_abbrev  0x0000000000001ab3      0x30b /tmp/ccA6w3CQ.debug.temp.o
 .debug_abbrev  0x0000000000001dbe      0x243 /tmp/ccH09P3P.debug.temp.o
 .debug_abbrev  0x0000000000002001      0x1c2 /tmp/cc2TVFTP.debug.temp.o
 .debug_abbrev  0x00000000000021c3      0x1d5 /tmp/cc58FANO.debug.temp.o
 .debug_abbrev  0x0000000000002398      0x321 /tmp/ccMVML7Q.debug.temp.o
 .debug_abbrev  0x00000000000026b9      0x1e8 /tmp/cc9RRWHO.debug.temp.o
 .debug_abbrev  0x00000000000028a1      0x222 /tmp/ccGY76jO.debug.temp.o
 .debug_abbrev  0x0000000000002ac3      0x299 /tmp/cc5TJqlR.debug.temp.o
 .debug_abbrev  0x0000000000002d5c      0x333 /tmp/ccpUDsqN.debug.temp.o
 .debug_abbrev  0x000000000000308f      0x1c6 /tmp/cck4mBfO.debug.temp.o
 .debug_abbrev  0x0000000000003255      0x2eb /tmp/cciL2p7P.debug.temp.o
 .debug_abbrev  0x0000000000003540      0x1c1 /tmp/ccU2l35M.debug.temp.o
 .debug_abbrev  0x0000000000003701      0x2c7 /tmp/ccBLjVXO.debug.temp.o
 .debug_abbrev  0x00000000000039c8      0x271 /tmp/ccyCrTGO.debug.temp.o
 .debug_abbrev  0x0000000000003c39      0x236 /tmp/ccNYrkHP.debug.temp.o
 .debug_abbrev  0x0000000000003e6f      0x2d7 /tmp/ccTuWa0O.debug.temp.o
 .debug_abbrev  0x0000000000004146      0x1df /tmp/ccxdniqP.debug.temp.o
 .debug_abbrev  0x0000000000004325      0x2d9 /tmp/ccgQG72N.debug.temp.o
 .debug_abbrev  0x00000000000045fe      0x2b9 /tmp/ccFEUbOP.debug.temp.o
 .debug_abbrev  0x00000000000048b7      0x2ac /tmp/ccCPOmsR.debug.temp.o
 .debug_abbrev  0x0000000000004b63      0x222 /tmp/ccf7qAdR.debug.temp.o
 .debug_abbrev  0x0000000000004d85      0x240 /tmp/ccnvT5sQ.debug.temp.o
 .debug_abbrev  0x0000000000004fc5      0x27e /tmp/ccQHVVaQ.debug.temp.o
 .debug_abbrev  0x0000000000005243      0x281 /tmp/ccOG6qYP.debug.temp.o
 .debug_abbrev  0x00000000000054c4      0x2fb /tmp/ccEgdiDQ.debug.temp.o
 .debug_abbrev  0x00000000000057bf      0x2e2 /tmp/ccttAXfR.debug.temp.o
 .debug_abbrev  0x0000000000005aa1      0x328 /tmp/ccN7tojR.debug.temp.o
 .debug_abbrev  0x0000000000005dc9      0x275 /tmp/ccfVhHkR.debug.temp.o
 .debug_abbrev  0x000000000000603e      0x286 /tmp/ccGRN1jN.debug.temp.o
 .debug_abbrev  0x00000000000062c4      0x2a5 /tmp/ccIuBxDQ.debug.temp.o
 .debug_abbrev  0x0000000000006569      0x230 /usr/lib/gcc/arm-none-eabi/9.2.1/../../../arm-none-eabi/lib/thumb/v7-m/nofp/libg.a(lib_a-malloc.o)
 .debug_abbrev  0x0000000000006799      0x321 /usr/lib/gcc/arm-none-eabi/9.2.1/../../../arm-none-eabi/lib/thumb/v7-m/nofp/libg.a(lib_a-mallocr.o)
 .debug_abbrev  0x0000000000006aba       0x14 /usr/lib/gcc/arm-none-eabi/9.2.1/../../../arm-none-eabi/lib/thumb/v7-m/nofp/libg.a(lib_a-memcpy.o)
 .debug_abbrev  0x0000000000006ace      0x203 /usr/lib/gcc/arm-none-eabi/9.2.1/../../../arm-none-eabi/lib/thumb/v7-m/nofp/libg.a(lib_a-mlock.o)
 .debug_abbrev  0x0000000000006cd1      0x2c9 /usr/lib/gcc/arm-none-eabi/9.2.1/../../../arm-none-eabi/lib/thumb/v7-m/nofp/libg.a(lib_a-freer.o)
 .debug_abbrev  0x0000000000006f9a      0x1b8 /usr/lib/gcc/arm-none-eabi/9.2.1/../../../arm-none-eabi/lib/thumb/v7-m/nofp/libg.a(lib_a-impure.o)

.debug_aranges  0x0000000000000000      0x428
 .debug_aranges
                0x0000000000000000       0x20 ./build/obj/crt0_v7m.o
 .debug_aranges
                0x0000000000000020       0x20 ./build/obj/vectors.o
 .debug_aranges
                0x0000000000000040       0x20 ./build/obj/chcoreasm.o
 .debug_aranges
                0x0000000000000060      0x310 /tmp/ch.elf.539pbP.ltrans0.ltrans.o
 .debug_aranges
                0x0000000000000370       0x20 /usr/lib/gcc/arm-none-eabi/9.2.1/../../../arm-none-eabi/lib/thumb/v7-m/nofp/libg.a(lib_a-malloc.o)
 .debug_aranges
                0x0000000000000390       0x20 /usr/lib/gcc/arm-none-eabi/9.2.1/../../../arm-none-eabi/lib/thumb/v7-m/nofp/libg.a(lib_a-mallocr.o)
 .debug_aranges
                0x00000000000003b0       0x20 /usr/lib/gcc/arm-none-eabi/9.2.1/../../../arm-none-eabi/lib/thumb/v7-m/nofp/libg.a(lib_a-memcpy.o)
 .debug_aranges
                0x00000000000003d0       0x20 /usr/lib/gcc/arm-none-eabi/9.2.1/../../../arm-none-eabi/lib/thumb/v7-m/nofp/libg.a(lib_a-mlock.o)
 .debug_aranges
                0x00000000000003f0       0x20 /usr/lib/gcc/arm-none-eabi/9.2.1/../../../arm-none-eabi/lib/thumb/v7-m/nofp/libg.a(lib_a-freer.o)
 .debug_aranges
                0x0000000000000410       0x18 /usr/lib/gcc/arm-none-eabi/9.2.1/../../../arm-none-eabi/lib/thumb/v7-m/nofp/libg.a(lib_a-impure.o)

.debug_str      0x0000000000000000     0x4fdc
 .debug_str     0x0000000000000000       0x82 ./build/obj/crt0_v7m.o
 .debug_str     0x0000000000000082       0x42 ./build/obj/vectors.o
                                         0x81 (size before relaxing)
 .debug_str     0x00000000000000c4       0x43 ./build/obj/chcoreasm.o
                                         0x82 (size before relaxing)
 .debug_str     0x0000000000000107      0x19d /tmp/ch.elf.539pbP.ltrans0.ltrans.o
                                        0x1f2 (size before relaxing)
 .debug_str     0x00000000000002a4      0x3f1 /tmp/ccdkTXBO.debug.temp.o
                                        0x4bd (size before relaxing)
 .debug_str     0x0000000000000695      0xd3f /tmp/ccJqlzPO.debug.temp.o
                                       0x109f (size before relaxing)
 .debug_str     0x00000000000013d4      0x136 /tmp/ccStOufR.debug.temp.o
                                       0x11a2 (size before relaxing)
 .debug_str     0x000000000000150a      0x6bc /tmp/ccPGXOqR.debug.temp.o
                                       0x17a2 (size before relaxing)
 .debug_str     0x0000000000001bc6       0xcf /tmp/ccdAv6vQ.debug.temp.o
                                       0x161a (size before relaxing)
 .debug_str     0x0000000000001c95       0xa2 /tmp/ccH1eIdN.debug.temp.o
                                       0x1129 (size before relaxing)
 .debug_str     0x0000000000001d37       0x52 /tmp/cc2bPkzN.debug.temp.o
                                       0x1123 (size before relaxing)
 .debug_str     0x0000000000001d89       0xa2 /tmp/cczrbOYO.debug.temp.o
                                       0x111c (size before relaxing)
 .debug_str     0x0000000000001e2b      0x13b /tmp/ccikfgAP.debug.temp.o
                                       0x1221 (size before relaxing)
 .debug_str     0x0000000000001f66      0x255 /tmp/ccKRVhlR.debug.temp.o
                                       0x1470 (size before relaxing)
 .debug_str     0x00000000000021bb      0x1bc /tmp/ccA6w3CQ.debug.temp.o
                                       0x1725 (size before relaxing)
 .debug_str     0x0000000000002377      0x161 /tmp/ccH09P3P.debug.temp.o
                                       0x11e7 (size before relaxing)
 .debug_str     0x00000000000024d8      0x321 /tmp/cc2TVFTP.debug.temp.o
                                       0x138d (size before relaxing)
 .debug_str     0x00000000000027f9       0xbc /tmp/cc58FANO.debug.temp.o
                                       0x1128 (size before relaxing)
 .debug_str     0x00000000000028b5      0x1d9 /tmp/ccMVML7Q.debug.temp.o
                                       0x165e (size before relaxing)
 .debug_str     0x0000000000002a8e       0x6d /tmp/cc9RRWHO.debug.temp.o
                                       0x1155 (size before relaxing)
 .debug_str     0x0000000000002afb       0x9a /tmp/ccGY76jO.debug.temp.o
                                       0x122a (size before relaxing)
 .debug_str     0x0000000000002b95       0xb0 /tmp/cc5TJqlR.debug.temp.o
                                       0x123f (size before relaxing)
 .debug_str     0x0000000000002c45      0x25f /tmp/ccpUDsqN.debug.temp.o
                                       0x1761 (size before relaxing)
 .debug_str     0x0000000000002ea4       0x1a /tmp/cck4mBfO.debug.temp.o
                                       0x1093 (size before relaxing)
 .debug_str     0x0000000000002ebe      0x28b /tmp/cciL2p7P.debug.temp.o
                                        0xb71 (size before relaxing)
 .debug_str     0x0000000000003149       0x52 /tmp/ccU2l35M.debug.temp.o
                                        0x869 (size before relaxing)
 .debug_str     0x000000000000319b      0x246 /tmp/ccBLjVXO.debug.temp.o
                                        0xaff (size before relaxing)
 .debug_str     0x00000000000033e1      0x1ae /tmp/ccyCrTGO.debug.temp.o
                                        0xa90 (size before relaxing)
 .debug_str     0x000000000000358f      0x109 /tmp/ccNYrkHP.debug.temp.o
                                        0x97f (size before relaxing)
 .debug_str     0x0000000000003698      0x293 /tmp/ccTuWa0O.debug.temp.o
                                        0xbb1 (size before relaxing)
 .debug_str     0x000000000000392b       0x86 /tmp/ccxdniqP.debug.temp.o
                                        0x9b2 (size before relaxing)
 .debug_str     0x00000000000039b1       0xa9 /tmp/ccgQG72N.debug.temp.o
                                        0xcff (size before relaxing)
 .debug_str     0x0000000000003a5a       0xc2 /tmp/ccFEUbOP.debug.temp.o
                                        0x987 (size before relaxing)
 .debug_str     0x0000000000003b1c      0x1c1 /tmp/ccCPOmsR.debug.temp.o
                                        0xaa0 (size before relaxing)
 .debug_str     0x0000000000003cdd       0x9d /tmp/ccf7qAdR.debug.temp.o
                                        0x948 (size before relaxing)
 .debug_str     0x0000000000003d7a       0xb2 /tmp/ccnvT5sQ.debug.temp.o
                                        0x914 (size before relaxing)
 .debug_str     0x0000000000003e2c       0xa5 /tmp/ccQHVVaQ.debug.temp.o
                                        0x929 (size before relaxing)
 .debug_str     0x0000000000003ed1      0x144 /tmp/ccOG6qYP.debug.temp.o
                                        0x9c4 (size before relaxing)
 .debug_str     0x0000000000004015      0x3ef /tmp/ccEgdiDQ.debug.temp.o
                                       0x108b (size before relaxing)
 .debug_str     0x0000000000004404      0x14e /tmp/ccttAXfR.debug.temp.o
                                       0x11d2 (size before relaxing)
 .debug_str     0x0000000000004552      0x1a8 /tmp/ccN7tojR.debug.temp.o
                                       0x1645 (size before relaxing)
 .debug_str     0x00000000000046fa      0x136 /tmp/ccfVhHkR.debug.temp.o
                                       0x136e (size before relaxing)
 .debug_str     0x0000000000004830      0x1e5 /tmp/ccGRN1jN.debug.temp.o
                                        0xe3d (size before relaxing)
 .debug_str     0x0000000000004a15       0x9c /tmp/ccIuBxDQ.debug.temp.o
                                       0x16df (size before relaxing)
 .debug_str     0x0000000000004ab1      0x138 /usr/lib/gcc/arm-none-eabi/9.2.1/../../../arm-none-eabi/lib/thumb/v7-m/nofp/libg.a(lib_a-malloc.o)
                                        0x5c9 (size before relaxing)
 .debug_str     0x0000000000004be9      0x23b /usr/lib/gcc/arm-none-eabi/9.2.1/../../../arm-none-eabi/lib/thumb/v7-m/nofp/libg.a(lib_a-mallocr.o)
                                        0x800 (size before relaxing)
 .debug_str     0x0000000000004e24       0xa1 /usr/lib/gcc/arm-none-eabi/9.2.1/../../../arm-none-eabi/lib/thumb/v7-m/nofp/libg.a(lib_a-memcpy.o)
                                         0xad (size before relaxing)
 .debug_str     0x0000000000004ec5       0x4c /usr/lib/gcc/arm-none-eabi/9.2.1/../../../arm-none-eabi/lib/thumb/v7-m/nofp/libg.a(lib_a-mlock.o)
                                        0x5c4 (size before relaxing)
 .debug_str     0x0000000000004f11       0x34 /usr/lib/gcc/arm-none-eabi/9.2.1/../../../arm-none-eabi/lib/thumb/v7-m/nofp/libg.a(lib_a-freer.o)
                                        0x779 (size before relaxing)
 .debug_str     0x0000000000004f45       0x97 /usr/lib/gcc/arm-none-eabi/9.2.1/../../../arm-none-eabi/lib/thumb/v7-m/nofp/libg.a(lib_a-impure.o)
                                        0x598 (size before relaxing)

.debug_loc      0x0000000000000000     0x8a19
 .debug_loc     0x0000000000000000     0x7398 /tmp/ch.elf.539pbP.ltrans0.ltrans.o
 .debug_loc     0x0000000000007398       0x64 /usr/lib/gcc/arm-none-eabi/9.2.1/../../../arm-none-eabi/lib/thumb/v7-m/nofp/libg.a(lib_a-malloc.o)
 .debug_loc     0x00000000000073fc      0xf1c /usr/lib/gcc/arm-none-eabi/9.2.1/../../../arm-none-eabi/lib/thumb/v7-m/nofp/libg.a(lib_a-mallocr.o)
 .debug_loc     0x0000000000008318      0x701 /usr/lib/gcc/arm-none-eabi/9.2.1/../../../arm-none-eabi/lib/thumb/v7-m/nofp/libg.a(lib_a-freer.o)

.debug_ranges   0x0000000000000000     0x45a8
 .debug_ranges  0x0000000000000000     0x4570 /tmp/ch.elf.539pbP.ltrans0.ltrans.o
 .debug_ranges  0x0000000000004570       0x38 /usr/lib/gcc/arm-none-eabi/9.2.1/../../../arm-none-eabi/lib/thumb/v7-m/nofp/libg.a(lib_a-mallocr.o)

.debug_frame    0x0000000000000000      0xb0c
 .debug_frame   0x0000000000000000      0x9d4 /tmp/ch.elf.539pbP.ltrans0.ltrans.o
 .debug_frame   0x00000000000009d4       0x30 /usr/lib/gcc/arm-none-eabi/9.2.1/../../../arm-none-eabi/lib/thumb/v7-m/nofp/libg.a(lib_a-malloc.o)
 .debug_frame   0x0000000000000a04       0x4c /usr/lib/gcc/arm-none-eabi/9.2.1/../../../arm-none-eabi/lib/thumb/v7-m/nofp/libg.a(lib_a-mallocr.o)
 .debug_frame   0x0000000000000a50       0x30 /usr/lib/gcc/arm-none-eabi/9.2.1/../../../arm-none-eabi/lib/thumb/v7-m/nofp/libg.a(lib_a-mlock.o)
 .debug_frame   0x0000000000000a80       0x8c /usr/lib/gcc/arm-none-eabi/9.2.1/../../../arm-none-eabi/lib/thumb/v7-m/nofp/libg.a(lib_a-freer.o)

Cross Reference Table

Symbol                                            File
BusFault_Handler                                  ./build/obj/vectors.o
DebugMon_Handler                                  ./build/obj/vectors.o
EFLD1                                             ./build/obj/hal_efl_lld.o (symbol from plugin)
                                                  ./build/obj/main.o (symbol from plugin)
HardFault_Handler                                 ./build/obj/vectors.o
MemManage_Handler                                 ./build/obj/vectors.o
NMI_Handler                                       ./build/obj/vectors.o
PendSV_Handler                                    ./build/obj/vectors.o
Reset_Handler                                     ./build/obj/vectors.o
SD1                                               ./build/obj/hal_serial_lld.o (symbol from plugin)
                                                  ./build/obj/main.o (symbol from plugin)
SDU1                                              ./build/obj/usbcfg.o (symbol from plugin)
                                                  ./build/obj/main.o (symbol from plugin)
SVC_Handler                                       /tmp/ch.elf.539pbP.ltrans0.ltrans.o
                                                  ./build/obj/chcore.o (symbol from plugin)
                                                  ./build/obj/vectors.o
SecureFault_Handler                               ./build/obj/vectors.o
SysTick_Handler                                   ./build/obj/vectors.o
SystemCoreClock                                   ./build/obj/hal_lld.o (symbol from plugin)
USBD1                                             ./build/obj/hal_usb_lld.o (symbol from plugin)
                                                  ./build/obj/usbcfg.o (symbol from plugin)
UsageFault_Handler                                ./build/obj/vectors.o
Vector100                                         ./build/obj/vectors.o
Vector104                                         ./build/obj/vectors.o
Vector108                                         ./build/obj/vectors.o
Vector10C                                         ./build/obj/vectors.o
Vector110                                         ./build/obj/vectors.o
Vector114                                         ./build/obj/vectors.o
Vector118                                         ./build/obj/vectors.o
Vector11C                                         ./build/obj/vectors.o
Vector120                                         ./build/obj/vectors.o
Vector124                                         ./build/obj/vectors.o
Vector128                                         ./build/obj/vectors.o
Vector12C                                         ./build/obj/vectors.o
Vector130                                         ./build/obj/vectors.o
Vector134                                         ./build/obj/vectors.o
Vector138                                         ./build/obj/vectors.o
Vector13C                                         ./build/obj/vectors.o
Vector140                                         ./build/obj/vectors.o
Vector144                                         ./build/obj/vectors.o
Vector148                                         ./build/obj/vectors.o
Vector14C                                         ./build/obj/vectors.o
Vector150                                         ./build/obj/vectors.o
Vector154                                         ./build/obj/vectors.o
Vector158                                         ./build/obj/vectors.o
Vector15C                                         ./build/obj/vectors.o
Vector20                                          ./build/obj/vectors.o
Vector24                                          ./build/obj/vectors.o
Vector28                                          ./build/obj/vectors.o
Vector34                                          ./build/obj/vectors.o
Vector40                                          ./build/obj/vectors.o
Vector44                                          ./build/obj/vectors.o
Vector48                                          ./build/obj/vectors.o
Vector4C                                          ./build/obj/vectors.o
Vector50                                          ./build/obj/vectors.o
Vector54                                          ./build/obj/vectors.o
Vector58                                          ./build/obj/vectors.o
Vector5C                                          ./build/obj/vectors.o
Vector60                                          ./build/obj/vectors.o
Vector64                                          ./build/obj/vectors.o
Vector68                                          ./build/obj/vectors.o
Vector6C                                          ./build/obj/vectors.o
Vector70                                          ./build/obj/vectors.o
Vector74                                          ./build/obj/vectors.o
Vector78                                          ./build/obj/vectors.o
Vector7C                                          ./build/obj/vectors.o
Vector80                                          ./build/obj/vectors.o
Vector84                                          ./build/obj/vectors.o
Vector88                                          ./build/obj/vectors.o
Vector8C                                          ./build/obj/vectors.o
Vector90                                          /tmp/ch.elf.539pbP.ltrans0.ltrans.o
                                                  ./build/obj/hal_usb_lld.o (symbol from plugin)
                                                  ./build/obj/vectors.o
Vector94                                          ./build/obj/vectors.o
Vector98                                          ./build/obj/vectors.o
Vector9C                                          ./build/obj/vectors.o
VectorA0                                          ./build/obj/vectors.o
VectorA4                                          ./build/obj/vectors.o
VectorA8                                          ./build/obj/vectors.o
VectorAC                                          ./build/obj/vectors.o
VectorB0                                          /tmp/ch.elf.539pbP.ltrans0.ltrans.o
                                                  ./build/obj/hal_st_lld.o (symbol from plugin)
                                                  ./build/obj/vectors.o
VectorB4                                          ./build/obj/vectors.o
VectorB8                                          ./build/obj/vectors.o
VectorBC                                          ./build/obj/vectors.o
VectorC0                                          ./build/obj/vectors.o
VectorC4                                          ./build/obj/vectors.o
VectorC8                                          ./build/obj/vectors.o
VectorCC                                          ./build/obj/vectors.o
VectorD0                                          ./build/obj/vectors.o
VectorD4                                          /tmp/ch.elf.539pbP.ltrans0.ltrans.o
                                                  ./build/obj/hal_serial_lld.o (symbol from plugin)
                                                  ./build/obj/vectors.o
VectorD8                                          ./build/obj/vectors.o
VectorDC                                          ./build/obj/vectors.o
VectorE0                                          ./build/obj/vectors.o
VectorE4                                          ./build/obj/vectors.o
VectorE8                                          ./build/obj/vectors.o
VectorEC                                          ./build/obj/vectors.o
VectorF0                                          ./build/obj/vectors.o
VectorF4                                          ./build/obj/vectors.o
VectorF8                                          ./build/obj/vectors.o
VectorFC                                          ./build/obj/vectors.o
__bss_base__                                      ./build/obj/ch_test.o (symbol from plugin)
                                                  ./build/obj/crt0_v7m.o
__bss_end__                                       ./build/obj/ch_test.o (symbol from plugin)
                                                  ./build/obj/crt0_v7m.o
__ch_delegate_fn0                                 ./build/obj/chdelegates.o (symbol from plugin)
                                                  ./build/obj/oslib_test_sequence_005.o (symbol from plugin)
__ch_delegate_fn1                                 ./build/obj/chdelegates.o (symbol from plugin)
                                                  ./build/obj/oslib_test_sequence_005.o (symbol from plugin)
__ch_delegate_fn2                                 ./build/obj/chdelegates.o (symbol from plugin)
                                                  ./build/obj/oslib_test_sequence_005.o (symbol from plugin)
__ch_delegate_fn3                                 ./build/obj/chdelegates.o (symbol from plugin)
                                                  ./build/obj/oslib_test_sequence_005.o (symbol from plugin)
__ch_delegate_fn4                                 ./build/obj/chdelegates.o (symbol from plugin)
                                                  ./build/obj/oslib_test_sequence_005.o (symbol from plugin)
__core_init                                       ./build/obj/chmemcore.o (symbol from plugin)
                                                  ./build/obj/chsys.o (symbol from plugin)
__cpu_init                                        /tmp/ch.elf.539pbP.ltrans0.ltrans.o
                                                  ./build/obj/crt1.o (symbol from plugin)
                                                  ./build/obj/crt0_v7m.o
__data_base__                                     ./build/obj/ch_test.o (symbol from plugin)
                                                  ./build/obj/crt0_v7m.o
__data_end__                                      ./build/obj/ch_test.o (symbol from plugin)
                                                  ./build/obj/crt0_v7m.o
__default_exit                                    /tmp/ch.elf.539pbP.ltrans0.ltrans.o
                                                  ./build/obj/crt1.o (symbol from plugin)
                                                  ./build/obj/crt0_v7m.o
__early_init                                      /tmp/ch.elf.539pbP.ltrans0.ltrans.o
                                                  ./build/obj/board.o (symbol from plugin)
                                                  ./build/obj/crt1.o (symbol from plugin)
                                                  ./build/obj/crt0_v7m.o
__factory_init                                    ./build/obj/chfactory.o (symbol from plugin)
                                                  ./build/obj/chsys.o (symbol from plugin)
__fini_array_base__                               ./build/obj/crt0_v7m.o
__fini_array_end__                                ./build/obj/crt0_v7m.o
__heap_base__                                     /tmp/ch.elf.539pbP.ltrans0.ltrans.o
                                                  ./build/obj/chmemcore.o (symbol from plugin)
__heap_end__                                      /tmp/ch.elf.539pbP.ltrans0.ltrans.o
                                                  ./build/obj/chmemcore.o (symbol from plugin)
__heap_init                                       ./build/obj/chmemheaps.o (symbol from plugin)
                                                  ./build/obj/chsys.o (symbol from plugin)
__init_array_base__                               ./build/obj/crt0_v7m.o
__init_array_end__                                ./build/obj/crt0_v7m.o
__init_ram_areas                                  /tmp/ch.elf.539pbP.ltrans0.ltrans.o
                                                  ./build/obj/crt1.o (symbol from plugin)
                                                  ./build/obj/crt0_v7m.o
__late_init                                       /tmp/ch.elf.539pbP.ltrans0.ltrans.o
                                                  ./build/obj/crt1.o (symbol from plugin)
                                                  ./build/obj/crt0_v7m.o
__main_stack_base__                               ./build/obj/crt0_v7m.o
__main_stack_end__                                ./build/obj/vectors.o
                                                  ./build/obj/crt0_v7m.o
__malloc_av_                                      /usr/lib/gcc/arm-none-eabi/9.2.1/../../../arm-none-eabi/lib/thumb/v7-m/nofp/libg.a(lib_a-mallocr.o)
                                                  /usr/lib/gcc/arm-none-eabi/9.2.1/../../../arm-none-eabi/lib/thumb/v7-m/nofp/libg.a(lib_a-freer.o)
__malloc_current_mallinfo                         /usr/lib/gcc/arm-none-eabi/9.2.1/../../../arm-none-eabi/lib/thumb/v7-m/nofp/libg.a(lib_a-mallocr.o)
                                                  /usr/lib/gcc/arm-none-eabi/9.2.1/../../../arm-none-eabi/lib/thumb/v7-m/nofp/libg.a(lib_a-freer.o)
__malloc_lock                                     /usr/lib/gcc/arm-none-eabi/9.2.1/../../../arm-none-eabi/lib/thumb/v7-m/nofp/libg.a(lib_a-mlock.o)
                                                  /usr/lib/gcc/arm-none-eabi/9.2.1/../../../arm-none-eabi/lib/thumb/v7-m/nofp/libg.a(lib_a-freer.o)
                                                  /usr/lib/gcc/arm-none-eabi/9.2.1/../../../arm-none-eabi/lib/thumb/v7-m/nofp/libg.a(lib_a-mallocr.o)
__malloc_max_sbrked_mem                           /usr/lib/gcc/arm-none-eabi/9.2.1/../../../arm-none-eabi/lib/thumb/v7-m/nofp/libg.a(lib_a-mallocr.o)
__malloc_max_total_mem                            /usr/lib/gcc/arm-none-eabi/9.2.1/../../../arm-none-eabi/lib/thumb/v7-m/nofp/libg.a(lib_a-mallocr.o)
__malloc_sbrk_base                                /usr/lib/gcc/arm-none-eabi/9.2.1/../../../arm-none-eabi/lib/thumb/v7-m/nofp/libg.a(lib_a-mallocr.o)
                                                  /usr/lib/gcc/arm-none-eabi/9.2.1/../../../arm-none-eabi/lib/thumb/v7-m/nofp/libg.a(lib_a-freer.o)
__malloc_top_pad                                  /usr/lib/gcc/arm-none-eabi/9.2.1/../../../arm-none-eabi/lib/thumb/v7-m/nofp/libg.a(lib_a-mallocr.o)
                                                  /usr/lib/gcc/arm-none-eabi/9.2.1/../../../arm-none-eabi/lib/thumb/v7-m/nofp/libg.a(lib_a-freer.o)
__malloc_trim_threshold                           /usr/lib/gcc/arm-none-eabi/9.2.1/../../../arm-none-eabi/lib/thumb/v7-m/nofp/libg.a(lib_a-mallocr.o)
                                                  /usr/lib/gcc/arm-none-eabi/9.2.1/../../../arm-none-eabi/lib/thumb/v7-m/nofp/libg.a(lib_a-freer.o)
__malloc_unlock                                   /usr/lib/gcc/arm-none-eabi/9.2.1/../../../arm-none-eabi/lib/thumb/v7-m/nofp/libg.a(lib_a-mlock.o)
                                                  /usr/lib/gcc/arm-none-eabi/9.2.1/../../../arm-none-eabi/lib/thumb/v7-m/nofp/libg.a(lib_a-freer.o)
                                                  /usr/lib/gcc/arm-none-eabi/9.2.1/../../../arm-none-eabi/lib/thumb/v7-m/nofp/libg.a(lib_a-mallocr.o)
__port_exit_from_isr                              ./build/obj/chcoreasm.o
                                                  /tmp/ch.elf.539pbP.ltrans0.ltrans.o
                                                  ./build/obj/chcore.o (symbol from plugin)
__port_irq_epilogue                               ./build/obj/chcore.o (symbol from plugin)
                                                  ./build/obj/hal_usb_lld.o (symbol from plugin)
                                                  ./build/obj/hal_serial_lld.o (symbol from plugin)
                                                  ./build/obj/hal_st_lld.o (symbol from plugin)
__port_switch                                     ./build/obj/chcoreasm.o
                                                  /tmp/ch.elf.539pbP.ltrans0.ltrans.o
                                                  ./build/obj/chschd.o (symbol from plugin)
__port_switch_from_isr                            ./build/obj/chcoreasm.o